Microchip MPLAB XC8 Compiler V1.38 ()

Linker command line:

-W-3 --edf=/Applications/microchip/xc8/v1.38/dat/en_msgs.txt -cs \
  -h+dist/default/production/Hagen_Strip_III.X.production.sym \
  --cmf=dist/default/production/Hagen_Strip_III.X.production.cmf -z \
  -Q16F18345 -o/tmp/xckf0W74O \
  -Mdist/default/production/Hagen_Strip_III.X.production.map -E1 -ver=XC8 \
  -ASTACK=0211Ch-023efh -pstack=STACK -ACODE=00h-07FFhx4 \
  -ASTRCODE=00h-01FFFh -ASTRING=00h-0FFhx32 -ACONST=00h-0FFhx32 \
  -AENTRY=00h-0FFhx32 -ACOMMON=070h-07Fh -ABANK0=020h-06Fh \
  -ABANK1=0A0h-0EFh -ABANK2=0120h-016Fh -ABANK3=01A0h-01EFh \
  -ABANK4=0220h-026Fh -ABANK5=02A0h-02EFh -ABANK6=0320h-036Fh \
  -ABANK7=03A0h-03EFh -ABANK8=0420h-046Fh -ABANK9=04A0h-04EFh \
  -ABANK10=0520h-056Fh -ABANK11=05A0h-05EFh -ABANK12=0620h-064Fh \
  -ABIGRAM=02000h-023EFh \
  -ARAM=020h-06Fh,0A0h-0EFh,0120h-016Fh,01A0h-01EFh,0220h-026Fh,02A0h-02EFh,0320h-036Fh,03A0h-03EFh,0420h-046Fh,04A0h-04EFh,0520h-056Fh,05A0h-05EFh,0620h-064Fh \
  -AABS1=020h-07Fh,0A0h-0EFh,0120h-016Fh,01A0h-01EFh,0220h-026Fh,02A0h-02EFh,0320h-036Fh,03A0h-03EFh,0420h-046Fh,04A0h-04EFh,0520h-056Fh,05A0h-05EFh,0620h-064Fh \
  -ASFR0=00h-01Fh -ASFR1=080h-09Fh -ASFR2=0100h-011Fh -ASFR3=0180h-019Fh \
  -ASFR4=0200h-021Fh -ASFR5=0280h-029Fh -ASFR6=0300h-031Fh \
  -ASFR7=0380h-039Fh -ASFR8=0400h-041Fh -ASFR9=0480h-049Fh \
  -ASFR10=0500h-051Fh -ASFR11=0580h-059Fh -ASFR12=0600h-061Fh \
  -ASFR13=0680h-06EFh -ASFR14=0700h-076Fh -ASFR15=0780h-07EFh \
  -ASFR16=0800h-086Fh -ASFR17=0880h-08EFh -ASFR18=0900h-096Fh \
  -ASFR19=0980h-09EFh -ASFR20=0A00h-0A6Fh -ASFR21=0A80h-0AEFh \
  -ASFR22=0B00h-0B6Fh -ASFR23=0B80h-0BEFh -ASFR24=0C00h-0C6Fh \
  -ASFR25=0C80h-0CEFh -ASFR26=0D00h-0D6Fh -ASFR27=0D80h-0DEFh \
  -ASFR28=0E00h-0E6Fh -ASFR29=0E80h-0EEFh -ASFR30=0F00h-0F6Fh \
  -ASFR31=0F80h-0FEFh -preset_vec=00h,intentry=04h,init,end_init \
  -ppowerup=CODE -pcinit=CODE -pfunctab=CODE -ACONFIG=08007h-0800Ah \
  -pconfig=CONFIG -DCONFIG=2 -AIDLOC=08000h-08003h -pidloc=IDLOC -DIDLOC=2 \
  -AEEDATA=00h-0FFh/0F000h -peeprom_data=EEDATA -DEEDATA=2 -DCODE=2 \
  -DSTRCODE=2 -DSTRING=2 -DCONST=2 -DENTRY=2 -k /tmp/xc5KTzqHG.obj \
  dist/default/production/Hagen_Strip_III.X.production.obj 

Object code version is 3.11

Machine type is 16F18345



                Name                               Link     Load   Length Selector   Space Scale
/tmp/xc5KTzqHG.obj
                end_init                             39       39        2        8       0
                reset_vec                             0        0        2        0       0
                config                             8007     8007        4    1000E       0
dist/default/production/Hagen_Strip_III.X.production.obj
                cinit                                3B       3B       31        8       0
                intentry                              4        4       35        8       0
                text83                              84C      84C       22     1098       0
                text82                              728      728       A0        8       0
                text81                             1594     1594       14     2B28       0
                text80                             1477     1477        5     28EE       0
                text79                             147C     147C        5     28F8       0
                text78                             1481     1481        5     2902       0
                text77                             1486     1486        5     290C       0
                text76                             15A8     15A8       16     2B50       0
                text75                             15BE     15BE       16     2B7C       0
                text74                             15D4     15D4       16     2BA8       0
                text73                             15EA     15EA       16     2BD4       0
                text72                             17E0     17E0       20     2FC0       0
                text71                              890      890       23     1120       0
                text70                             1600     1600       16     2C00       0
                text69                              7C8      7C8       38        8       0
                text68                             1616     1616       16     2C2C       0
                text67                              EF0      EF0      110     1DE0       0
                text66                             156E     156E       13     2ADC       0
                text65                              A4B      A4B       3A     1496       0
                text64                              D73      D73       85     1AE6       0
                text63                              9E1      9E1       35     13C2       0
                text62                              92B      92B       2C     1256       0
                text61                              983      983       2E     1306       0
                text60                              CA2      CA2       64     1944       0
                text58                              A16      A16       35     142C       0
                text57                             14B1     14B1        8     2962       0
                text56                              902      902       29     1204       0
                text55                             1688     1688       1A     2D10       0
                text54                              D06      D06       6D     1A0C       0
                text53                              AC2      AC2       41     1584       0
                text52                             148B     148B        5     2916       0
                text51                             155C     155C       12     2AB8       0
                text50                             166F     166F       19     2CDE       0
                text49                             1764     1764       1F     2EC8       0
                text48                             1783     1783       1F     2F06       0
                text47                             17A2     17A2       1F     2F44       0
                text46                             17C1     17C1       1F     2F82       0
                text45                              957      957       2C     12AE       0
                swtext1                            106D     106D       1C     20DA       0
                text44                              3EC      3EC      33C        8       0
                text43                             153A     153A       11     2A74       0
                text42                             14B9     14B9        A     2972       0
                text41                              B03      B03       4A     1606       0
                text40                             14C3     14C3        A     2986       0
                text39                             14CD     14CD        A     299A       0
                text38                             14E1     14E1        B     29C2       0
                text37                             14EC     14EC        B     29D8       0
                text36                             14F7     14F7        B     29EE       0
                text35                             14D7     14D7        A     29AE       0
                text34                             16BC     16BC       1B     2D78       0
                text33                             1471     1471        3     28E2       0
                text32                             1474     1474        3     28E8       0
                text31                              B9B      B9B       53     1736       0
                text30                              9B1      9B1       30     1362       0
                text29                             16F2     16F2       1C     2DE4       0
                text28                               6C       6C      380        8       0
                text27                             1490     1490        5     2920       0
                text26                             1495     1495        5     292A       0
                text25                             149A     149A        5     2934       0
                text24                              8B3      8B3       27     1166       0
                text23                              A85      A85       3D     150A       0
                text22                              B4D      B4D       4E     169A       0
                text21                              80C      80C       20     1018       0
                text20                             170E     170E       1C     2E1C       0
                text19                             16A2     16A2       1A     2D44       0
                text18                             1658     1658       17     2CB0       0
                text17                              8DA      8DA       28     11B4       0
                text16                              C46      C46       5C     188C       0
                text15                             151B     151B        F     2A36       0
                text14                             154B     154B       11     2A96       0
                text13                             16D7     16D7       1B     2DAE       0
                text12                              82C      82C       20     1058       0
                text11                             162C     162C       16     2C58       0
                text10                             1642     1642       16     2C84       0
                text9                               DF8      DF8       F8     1BF0       0
                text8                              149F     149F        6     293E       0
                text7                              1581     1581       13     2B02       0
                text6                              1502     1502        B     2A04       0
                text5                               86E      86E       22     10DC       0
                text4                              152A     152A       10     2A54       0
                text3                              172A     172A       1C     2E54       0
                text2                              150D     150D        E     2A1A       0
                text1                              1746     1746       1E     2E8C       0
                maintext                            BEE      BEE       58     17DC       0
                cstackBANK0                          20       20       44       20       1
                cstackCOMMON                         70       70        C       70       1
                cstackBANK1                          A0       A0       30       A0       1
                clrtext                            14A5     14A5        6     294A       0
                inittext                           14AB     14AB        6     2956       0
                dataBANK3                           1C0      1C0        C      1A0       1
                bssBANK3                            1A0      1A0       20      1A0       1
                bssBANK2                            120      120       4F      120       1
                bssBANK1                             D0       D0       1C       A0       1
                bssBANK0                             64       64        C       20       1
                bssCOMMON                            7C       7C        2       70       1
                stringtext                         1000     1000       6D     2000       0
                idataBANK3                          800      800        C        8       0

TOTAL           Name                               Link     Load   Length     Space
        CLASS   STACK          

        CLASS   CODE           
                end_init                             39       39        2         0
                cinit                                3B       3B       31         0
                intentry                              4        4       35         0
                reset_vec                             0        0        2         0
                text83                              84C      84C       22         0
                text82                              728      728       A0         0
                text81                             1594     1594       14         0
                text80                             1477     1477        5         0
                text79                             147C     147C        5         0
                text78                             1481     1481        5         0
                text77                             1486     1486        5         0
                text76                             15A8     15A8       16         0
                text75                             15BE     15BE       16         0
                text74                             15D4     15D4       16         0
                text73                             15EA     15EA       16         0
                text72                             17E0     17E0       20         0
                text71                              890      890       23         0
                text70                             1600     1600       16         0
                text69                              7C8      7C8       38         0
                text68                             1616     1616       16         0
                text67                              EF0      EF0      110         0
                text66                             156E     156E       13         0
                text65                              A4B      A4B       3A         0
                text64                              D73      D73       85         0
                text63                              9E1      9E1       35         0
                text62                              92B      92B       2C         0
                text61                              983      983       2E         0
                text60                              CA2      CA2       64         0
                text58                              A16      A16       35         0
                text57                             14B1     14B1        8         0
                text56                              902      902       29         0
                text55                             1688     1688       1A         0
                text54                              D06      D06       6D         0
                text53                              AC2      AC2       41         0
                text52                             148B     148B        5         0
                text51                             155C     155C       12         0
                text50                             166F     166F       19         0
                text49                             1764     1764       1F         0
                text48                             1783     1783       1F         0
                text47                             17A2     17A2       1F         0
                text46                             17C1     17C1       1F         0
                text45                              957      957       2C         0
                text44                              3EC      3EC      33C         0
                text43                             153A     153A       11         0
                text42                             14B9     14B9        A         0
                text41                              B03      B03       4A         0
                text40                             14C3     14C3        A         0
                text39                             14CD     14CD        A         0
                text38                             14E1     14E1        B         0
                text37                             14EC     14EC        B         0
                text36                             14F7     14F7        B         0
                text35                             14D7     14D7        A         0
                text34                             16BC     16BC       1B         0
                text33                             1471     1471        3         0
                text32                             1474     1474        3         0
                text31                              B9B      B9B       53         0
                text30                              9B1      9B1       30         0
                text29                             16F2     16F2       1C         0
                text28                               6C       6C      380         0
                text27                             1490     1490        5         0
                text26                             1495     1495        5         0
                text25                             149A     149A        5         0
                text24                              8B3      8B3       27         0
                text23                              A85      A85       3D         0
                text22                              B4D      B4D       4E         0
                text21                              80C      80C       20         0
                text20                             170E     170E       1C         0
                text19                             16A2     16A2       1A         0
                text18                             1658     1658       17         0
                text17                              8DA      8DA       28         0
                text16                              C46      C46       5C         0
                text15                             151B     151B        F         0
                text14                             154B     154B       11         0
                text13                             16D7     16D7       1B         0
                text12                              82C      82C       20         0
                text11                             162C     162C       16         0
                text10                             1642     1642       16         0
                text9                               DF8      DF8       F8         0
                text8                              149F     149F        6         0
                text7                              1581     1581       13         0
                text6                              1502     1502        B         0
                text5                               86E      86E       22         0
                text4                              152A     152A       10         0
                text3                              172A     172A       1C         0
                text2                              150D     150D        E         0
                text1                              1746     1746       1E         0
                maintext                            BEE      BEE       58         0
                clrtext                            14A5     14A5        6         0
                inittext                           14AB     14AB        6         0
                idataBANK3                          800      800        C         0

        CLASS   STRCODE        
                stringtext                         1000     1000       6D         0

        CLASS   STRING         

        CLASS   CONST          
                swtext1                            106D     106D       1C         0

        CLASS   ENTRY          

        CLASS   COMMON         
                cstackCOMMON                         70       70        C         1
                bssCOMMON                            7C       7C        2         1

        CLASS   BANK0          
                cstackBANK0                          20       20       44         1
                bssBANK0                             64       64        C         1

        CLASS   BANK1          
                cstackBANK1                          A0       A0       30         1
                bssBANK1                             D0       D0       1C         1

        CLASS   BANK2          
                bssBANK2                            120      120       4F         1

        CLASS   BANK3          
                dataBANK3                           1C0      1C0        C         1
                bssBANK3                            1A0      1A0       20         1

        CLASS   BANK4          

        CLASS   BANK5          

        CLASS   BANK6          

        CLASS   BANK7          

        CLASS   BANK8          

        CLASS   BANK9          

        CLASS   BANK10         

        CLASS   BANK11         

        CLASS   BANK12         

        CLASS   BIGRAM         

        CLASS   RAM            

        CLASS   ABS1           
                abs_s1                               7E       7E        2         1

        CLASS   SFR0           

        CLASS   SFR1           

        CLASS   SFR2           

        CLASS   SFR3           

        CLASS   SFR4           

        CLASS   SFR5           

        CLASS   SFR6           

        CLASS   SFR7           

        CLASS   SFR8           

        CLASS   SFR9           

        CLASS   SFR10          

        CLASS   SFR11          

        CLASS   SFR12          

        CLASS   SFR13          

        CLASS   SFR14          

        CLASS   SFR15          

        CLASS   SFR16          

        CLASS   SFR17          

        CLASS   SFR18          

        CLASS   SFR19          

        CLASS   SFR20          

        CLASS   SFR21          

        CLASS   SFR22          

        CLASS   SFR23          

        CLASS   SFR24          

        CLASS   SFR25          

        CLASS   SFR26          

        CLASS   SFR27          

        CLASS   SFR28          

        CLASS   SFR29          

        CLASS   SFR30          

        CLASS   SFR31          

        CLASS   CONFIG         
                config                             8007     8007        4         0

        CLASS   IDLOC          

        CLASS   EEDATA         

        CLASS   BANK31         

        CLASS   BANK30         

        CLASS   BANK29         

        CLASS   BANK28         

        CLASS   BANK27         

        CLASS   BANK26         

        CLASS   BANK25         

        CLASS   BANK24         

        CLASS   BANK23         

        CLASS   BANK22         

        CLASS   BANK21         

        CLASS   BANK20         

        CLASS   BANK19         

        CLASS   BANK18         

        CLASS   BANK17         

        CLASS   BANK16         

        CLASS   BANK15         

        CLASS   BANK14         

        CLASS   BANK13         



SEGMENTS        Name                           Load    Length   Top    Selector   Space  Class     Delta

                reset_vec                      000000  000002  000002         0       0  CODE        2
                intentry                       000004  000808  00080C         8       0  CODE        2
                cstackBANK0                    000020  000050  000070        20       1  BANK0       1
                cstackCOMMON                   000070  00000E  00007E        70       1  COMMON      1
                cstackBANK1                    0000A0  00004C  0000EC        A0       1  BANK1       1
                bssBANK2                       000120  00004F  00016F       120       1  BANK2       1
                bssBANK3                       0001A0  00002C  0001CC       1A0       1  BANK3       1
                text21                         00080C  000020  00082C      1018       0  CODE        2
                text12                         00082C  000020  00084C      1058       0  CODE        2
                text83                         00084C  000022  00086E      1098       0  CODE        2
                text5                          00086E  000022  000890      10DC       0  CODE        2
                text71                         000890  000023  0008B3      1120       0  CODE        2
                text24                         0008B3  000027  0008DA      1166       0  CODE        2
                text17                         0008DA  000028  000902      11B4       0  CODE        2
                text56                         000902  000029  00092B      1204       0  CODE        2
                text62                         00092B  00002C  000957      1256       0  CODE        2
                text45                         000957  00002C  000983      12AE       0  CODE        2
                text61                         000983  00002E  0009B1      1306       0  CODE        2
                text30                         0009B1  000030  0009E1      1362       0  CODE        2
                text63                         0009E1  000035  000A16      13C2       0  CODE        2
                text58                         000A16  000035  000A4B      142C       0  CODE        2
                text65                         000A4B  00003A  000A85      1496       0  CODE        2
                text23                         000A85  00003D  000AC2      150A       0  CODE        2
                text53                         000AC2  000041  000B03      1584       0  CODE        2
                text41                         000B03  00004A  000B4D      1606       0  CODE        2
                text22                         000B4D  00004E  000B9B      169A       0  CODE        2
                text31                         000B9B  000053  000BEE      1736       0  CODE        2
                maintext                       000BEE  000058  000C46      17DC       0  CODE        2
                text16                         000C46  00005C  000CA2      188C       0  CODE        2
                text60                         000CA2  000064  000D06      1944       0  CODE        2
                text54                         000D06  00006D  000D73      1A0C       0  CODE        2
                text64                         000D73  000085  000DF8      1AE6       0  CODE        2
                text9                          000DF8  0000F8  000EF0      1BF0       0  CODE        2
                text67                         000EF0  000110  001000      1DE0       0  CODE        2
                stringtext                     001000  00006D  00106D      2000       0  STRCODE     2
                swtext1                        00106D  00001C  001089      20DA       0  CONST       2
                text33                         001471  000003  001474      28E2       0  CODE        2
                text32                         001474  000003  001477      28E8       0  CODE        2
                text80                         001477  000005  00147C      28EE       0  CODE        2
                text79                         00147C  000005  001481      28F8       0  CODE        2
                text78                         001481  000005  001486      2902       0  CODE        2
                text77                         001486  000005  00148B      290C       0  CODE        2
                text52                         00148B  000005  001490      2916       0  CODE        2
                text27                         001490  000005  001495      2920       0  CODE        2
                text26                         001495  000005  00149A      292A       0  CODE        2
                text25                         00149A  000005  00149F      2934       0  CODE        2
                text8                          00149F  000006  0014A5      293E       0  CODE        2
                clrtext                        0014A5  000006  0014AB      294A       0  CODE        2
                inittext                       0014AB  000006  0014B1      2956       0  CODE        2
                text57                         0014B1  000008  0014B9      2962       0  CODE        2
                text42                         0014B9  00000A  0014C3      2972       0  CODE        2
                text40                         0014C3  00000A  0014CD      2986       0  CODE        2
                text39                         0014CD  00000A  0014D7      299A       0  CODE        2
                text35                         0014D7  00000A  0014E1      29AE       0  CODE        2
                text38                         0014E1  00000B  0014EC      29C2       0  CODE        2
                text37                         0014EC  00000B  0014F7      29D8       0  CODE        2
                text36                         0014F7  00000B  001502      29EE       0  CODE        2
                text6                          001502  00000B  00150D      2A04       0  CODE        2
                text2                          00150D  00000E  00151B      2A1A       0  CODE        2
                text15                         00151B  00000F  00152A      2A36       0  CODE        2
                text4                          00152A  000010  00153A      2A54       0  CODE        2
                text43                         00153A  000011  00154B      2A74       0  CODE        2
                text14                         00154B  000011  00155C      2A96       0  CODE        2
                text51                         00155C  000012  00156E      2AB8       0  CODE        2
                text66                         00156E  000013  001581      2ADC       0  CODE        2
                text7                          001581  000013  001594      2B02       0  CODE        2
                text81                         001594  000014  0015A8      2B28       0  CODE        2
                text76                         0015A8  000016  0015BE      2B50       0  CODE        2
                text75                         0015BE  000016  0015D4      2B7C       0  CODE        2
                text74                         0015D4  000016  0015EA      2BA8       0  CODE        2
                text73                         0015EA  000016  001600      2BD4       0  CODE        2
                text70                         001600  000016  001616      2C00       0  CODE        2
                text68                         001616  000016  00162C      2C2C       0  CODE        2
                text11                         00162C  000016  001642      2C58       0  CODE        2
                text10                         001642  000016  001658      2C84       0  CODE        2
                text18                         001658  000017  00166F      2CB0       0  CODE        2
                text50                         00166F  000019  001688      2CDE       0  CODE        2
                text55                         001688  00001A  0016A2      2D10       0  CODE        2
                text19                         0016A2  00001A  0016BC      2D44       0  CODE        2
                text34                         0016BC  00001B  0016D7      2D78       0  CODE        2
                text13                         0016D7  00001B  0016F2      2DAE       0  CODE        2
                text29                         0016F2  00001C  00170E      2DE4       0  CODE        2
                text20                         00170E  00001C  00172A      2E1C       0  CODE        2
                text3                          00172A  00001C  001746      2E54       0  CODE        2
                text1                          001746  00001E  001764      2E8C       0  CODE        2
                text49                         001764  00001F  001783      2EC8       0  CODE        2
                text48                         001783  00001F  0017A2      2F06       0  CODE        2
                text47                         0017A2  00001F  0017C1      2F44       0  CODE        2
                text46                         0017C1  00001F  0017E0      2F82       0  CODE        2
                text72                         0017E0  000020  001800      2FC0       0  CODE        2
                config                         008007  000004  00800B     1000E       0  CONFIG      2


UNUSED ADDRESS RANGES

        Name                Unused          Largest block    Delta
        BANK1            000EC-000EF               4           1
        BANK10           00520-0056F              50           1
        BANK11           005A0-005EF              50           1
        BANK12           00620-0064F              30           1
        BANK2            0016F-0016F               1           1
        BANK3            001CC-001EF              24           1
        BANK4            00220-0026F              50           1
        BANK5            002A0-002EF              50           1
        BANK6            00320-0036F              50           1
        BANK7            003A0-003EF              50           1
        BANK8            00420-0046F              50           1
        BANK9            004A0-004EF              50           1
        BIGRAM           02000-023EF             3F0           1
        CODE             00002-00003               2           2
                         01089-01470             3E8
                         01800-01FFF             800
        CONST            00002-00003               2           2
                         01089-01470             100
                         01800-01FFF             100
        EEDATA           0F000-0F0FF             100           2
        ENTRY            00002-00003               2           2
                         01089-01470             100
                         01800-01FFF             100
        IDLOC            08000-08003               4           2
        RAM              000EC-000EF               4           1
                         0016F-0016F               1
                         001CC-001EF              24
                         00220-0026F              50
                         002A0-002EF              50
                         00320-0036F              50
                         003A0-003EF              50
                         00420-0046F              50
                         004A0-004EF              50
                         00520-0056F              50
                         005A0-005EF              50
                         00620-0064F              30
        SFR0             00000-0001F              20           1
        SFR1             00080-0009F              20           1
        SFR10            00500-0051F              20           1
        SFR11            00580-0059F              20           1
        SFR12            00600-0061F              20           1
        SFR13            00680-006EF              70           1
        SFR14            00700-0076F              70           1
        SFR15            00780-007EF              70           1
        SFR16            00800-0086F              70           1
        SFR17            00880-008EF              70           1
        SFR18            00900-0096F              70           1
        SFR19            00980-009EF              70           1
        SFR2             00100-0011F              20           1
        SFR20            00A00-00A6F              70           1
        SFR21            00A80-00AEF              70           1
        SFR22            00B00-00B6F              70           1
        SFR23            00B80-00BEF              70           1
        SFR24            00C00-00C6F              70           1
        SFR25            00C80-00CEF              70           1
        SFR26            00D00-00D6F              70           1
        SFR27            00D80-00DEF              70           1
        SFR28            00E00-00E6F              70           1
        SFR29            00E80-00EEF              70           1
        SFR3             00180-0019F              20           1
        SFR30            00F00-00F6F              70           1
        SFR31            00F80-00FEF              70           1
        SFR4             00200-0021F              20           1
        SFR5             00280-0029F              20           1
        SFR6             00300-0031F              20           1
        SFR7             00380-0039F              20           1
        SFR8             00400-0041F              20           1
        SFR9             00480-0049F              20           1
        STACK            0211C-023EF             2D4           1
        STRCODE          00002-00003               2           2
                         01089-01470             3E8
                         01800-01FFF             800
        STRING           00002-00003               2           2
                         01089-01470             100
                         01800-01FFF             100

                                  Symbol Table

?___lldiv                            cstackBANK0  0002C
?___lmul                             cstackBANK0  00020
?___lwdiv                            cstackBANK0  00020
?___lwmod                            cstackCOMMON 00070
?___wmul                             cstackBANK0  00020
?_readLedPara                        cstackBANK0  0002B
DATAEE_ReadByte@bAdd                 cstackBANK0  00020
DATAEE_WriteByte@GIEBitValue         cstackBANK0  00023
DATAEE_WriteByte@bAdd                cstackBANK0  00020
DATAEE_WriteByte@bData               cstackBANK0  00022
DecodeDATA@i                         cstackBANK0  0003C
DecodeDATA@i_242                     cstackBANK0  00038
DecodeDATA@i_244                     cstackBANK0  00037
DecodeDATA@i_248                     cstackBANK0  00039
DecodeDATA@idx                       cstackBANK0  0002F
DecodeDATA@idx_245                   cstackBANK0  0003A
DecodeDATA@idx_246                   cstackBANK0  0003B
DecodeDATA@len                       cstackBANK0  00033
DecodeDATA@len_243                   cstackBANK0  00030
DecodeDATA@len_247                   cstackBANK0  00034
DecodeDATA@val                       cstackBANK0  00035
DecodeDATA@val_249                   cstackBANK0  00031
PIN_MANAGER_Initialize@state         cstackBANK0  00020
PWM1_LoadDutyValue@dutyValue         cstackBANK0  00020
PWM2_LoadDutyValue@dutyValue         cstackBANK0  00020
PWM3_LoadDutyValue@dutyValue         cstackBANK0  00020
PWM4_LoadDutyValue@dutyValue         cstackBANK0  00020
ReadKey@Cont                         bssBANK0     0006B
ReadKey@ReadData                     cstackCOMMON 00071
ReadKey@Trg                          bssBANK0     0006C
TMR2_UserInterruptHandler@cnt        bssBANK0     0006D
_ANSELA                              (abs)        0018C
_ANSELB                              (abs)        0018D
_ANSELC                              (abs)        0018E
_BAUD1CON                            (abs)        0019F
_CCP1CON                             (abs)        00293
_CCP1CONbits                         (abs)        00293
_CCP2CON                             (abs)        00297
_CCP2CONbits                         (abs)        00297
_CCP3CON                             (abs)        00313
_CCP3CONbits                         (abs)        00313
_CCP4CON                             (abs)        00317
_CCP4CONbits                         (abs)        00317
_CCPR1H                              (abs)        00292
_CCPR1L                              (abs)        00291
_CCPR2H                              (abs)        00296
_CCPR2L                              (abs)        00295
_CCPR3H                              (abs)        00312
_CCPR3L                              (abs)        00311
_CCPR4H                              (abs)        00316
_CCPR4L                              (abs)        00315
_CCPTMRSbits                         (abs)        0029F
_DATAEE_ReadByte                     text15       0151B
_DATAEE_WriteByte                    text5        0086E
_DecodeCMD                           text82       00728
_DecodeDATA                          text44       003EC
_EUSART_Initialize                   text43       0153A
_EUSART_RCV_ISR                      text81       01594
_GIE                                 (abs)        0005F
_INTCONbits                          (abs)        0000B
_INTERRUPT_InterruptManager          intentry     00004
_LATA                                (abs)        0010C
_LATB                                (abs)        0010D
_LATB5                               (abs)        0086D
_LATBbits                            (abs)        0010D
_LATC                                (abs)        0010E
_LATC1                               (abs)        00871
_LATCbits                            (abs)        0010E
_MONTH_DAY                           dataBANK3    001C0
_NVMADRH                             (abs)        00892
_NVMADRL                             (abs)        00891
_NVMCON1bits                         (abs)        00895
_NVMCON2                             (abs)        00896
_NVMDATL                             (abs)        00893
_ODCONA                              (abs)        0028C
_ODCONB                              (abs)        0028D
_ODCONC                              (abs)        0028E
_OSCCON1                             (abs)        00919
_OSCCON3                             (abs)        0091B
_OSCEN                               (abs)        0091D
_OSCFRQ                              (abs)        0091F
_OSCILLATOR_Initialize               text42       014B9
_OSCTUNE                             (abs)        0091E
_PIE0bits                            (abs)        00090
_PIE1bits                            (abs)        00091
_PIN_MANAGER_Initialize              text41       00B03
_PIR0bits                            (abs)        00010
_PIR1bits                            (abs)        00011
_PORTC                               (abs)        0000E
_PPSLOCK                             (abs)        00E0F
_PPSLOCKbits                         (abs)        00E0F
_PR2                                 (abs)        0001E
_PWM1_Initialize                     text40       014C3
_PWM1_LoadDutyValue                  text49       01764
_PWM2_Initialize                     text39       014CD
_PWM2_LoadDutyValue                  text48       01783
_PWM3_Initialize                     text38       014E1
_PWM3_LoadDutyValue                  text47       017A2
_PWM4_Initialize                     text37       014EC
_PWM4_LoadDutyValue                  text46       017C1
_RA2                                 (abs)        00062
_RB4PPSbits                          (abs)        00E9C
_RC1STA                              (abs)        0019D
_RC1STAbits                          (abs)        0019D
_RC3PPSbits                          (abs)        00EA3
_RC4PPSbits                          (abs)        00EA4
_RC5PPSbits                          (abs)        00EA5
_RC6PPSbits                          (abs)        00EA6
_RCREG                               (abs)        00199
_RXPPSbits                           (abs)        00E24
_ReadKey                             text66       0156E
_SP1BRGH                             (abs)        0019C
_SP1BRGL                             (abs)        0019B
_SYSTEM_Initialize                   text34       016BC
_T0CON0                              (abs)        00017
_T0CON0bits                          (abs)        00017
_T0CON1                              (abs)        00018
_T2CON                               (abs)        0001F
_T2CONbits                           (abs)        0001F
_TMR0H                               (abs)        00016
_TMR0L                               (abs)        00015
_TMR0_Initialize                     text36       014F7
_TMR0_StartTimer                     text33       01471
_TMR2                                (abs)        0001D
_TMR2_Initialize                     text35       014D7
_TMR2_StartTimer                     text32       01474
_TMR2_UserInterruptHandler           text63       009E1
_TRISA                               (abs)        0008C
_TRISB                               (abs)        0008D
_TRISC                               (abs)        0008E
_TRMT                                (abs)        00CF1
_TX1STA                              (abs)        0019E
_TXIF                                (abs)        0008C
_TXREG                               (abs)        0019A
_WPUA                                (abs)        0020C
_WPUB                                (abs)        0020D
_WPUC                                (abs)        0020E
__CFG_BOREN$OFF                      (abs)        00000
__CFG_BORV$HIGH                      (abs)        00000
__CFG_CLKOUTEN$OFF                   (abs)        00000
__CFG_CP$OFF                         (abs)        00000
__CFG_CPD$OFF                        (abs)        00000
__CFG_CSWEN$ON                       (abs)        00000
__CFG_DEBUG$OFF                      (abs)        00000
__CFG_FCMEN$OFF                      (abs)        00000
__CFG_FEXTOSC$OFF                    (abs)        00000
__CFG_LPBOREN$OFF                    (abs)        00000
__CFG_LVP$ON                         (abs)        00000
__CFG_MCLRE$ON                       (abs)        00000
__CFG_PPS1WAY$ON                     (abs)        00000
__CFG_PWRTE$ON                       (abs)        00000
__CFG_RSTOSC$HFINT1                  (abs)        00000
__CFG_STVREN$ON                      (abs)        00000
__CFG_WDTE$ON                        (abs)        00000
__CFG_WRT$OFF                        (abs)        00000
__Habs1                              abs1         00000
__Hbank0                             bank0        00000
__Hbank1                             bank1        00000
__Hbank10                            bank10       00000
__Hbank11                            bank11       00000
__Hbank12                            bank12       00000
__Hbank13                            bank13       00000
__Hbank14                            bank14       00000
__Hbank15                            bank15       00000
__Hbank16                            bank16       00000
__Hbank17                            bank17       00000
__Hbank18                            bank18       00000
__Hbank19                            bank19       00000
__Hbank2                             bank2        00000
__Hbank20                            bank20       00000
__Hbank21                            bank21       00000
__Hbank22                            bank22       00000
__Hbank23                            bank23       00000
__Hbank24                            bank24       00000
__Hbank25                            bank25       00000
__Hbank26                            bank26       00000
__Hbank27                            bank27       00000
__Hbank28                            bank28       00000
__Hbank29                            bank29       00000
__Hbank3                             bank3        00000
__Hbank30                            bank30       00000
__Hbank31                            bank31       00000
__Hbank4                             bank4        00000
__Hbank5                             bank5        00000
__Hbank6                             bank6        00000
__Hbank7                             bank7        00000
__Hbank8                             bank8        00000
__Hbank9                             bank9        00000
__Hbigram                            bigram       00000
__HbssBANK0                          bssBANK0     00000
__HbssBANK1                          bssBANK1     00000
__HbssBANK2                          bssBANK2     00000
__HbssBANK3                          bssBANK3     00000
__HbssCOMMON                         bssCOMMON    00000
__Hcinit                             cinit        0006C
__Hclrtext                           clrtext      00000
__Hcode                              code         00000
__Hcommon                            common       00000
__Hconfig                            config       0800B
__HcstackBANK0                       cstackBANK0  00000
__HcstackBANK1                       cstackBANK1  00000
__HcstackCOMMON                      cstackCOMMON 00000
__HdataBANK3                         dataBANK3    00000
__Heeprom_data                       eeprom_data  00000
__Hend_init                          end_init     0003B
__Hfunctab                           functab      00000
__HidataBANK3                        idataBANK3   00000
__Hidloc                             idloc        00000
__Hinit                              init         00039
__Hinittext                          inittext     00000
__Hintentry                          intentry     00039
__Hmaintext                          maintext     00000
__Hpowerup                           powerup      00000
__Hram                               ram          00000
__Hreset_vec                         reset_vec    00002
__Hsfr0                              sfr0         00000
__Hsfr1                              sfr1         00000
__Hsfr10                             sfr10        00000
__Hsfr11                             sfr11        00000
__Hsfr12                             sfr12        00000
__Hsfr13                             sfr13        00000
__Hsfr14                             sfr14        00000
__Hsfr15                             sfr15        00000
__Hsfr16                             sfr16        00000
__Hsfr17                             sfr17        00000
__Hsfr18                             sfr18        00000
__Hsfr19                             sfr19        00000
__Hsfr2                              sfr2         00000
__Hsfr20                             sfr20        00000
__Hsfr21                             sfr21        00000
__Hsfr22                             sfr22        00000
__Hsfr23                             sfr23        00000
__Hsfr24                             sfr24        00000
__Hsfr25                             sfr25        00000
__Hsfr26                             sfr26        00000
__Hsfr27                             sfr27        00000
__Hsfr28                             sfr28        00000
__Hsfr29                             sfr29        00000
__Hsfr3                              sfr3         00000
__Hsfr30                             sfr30        00000
__Hsfr31                             sfr31        00000
__Hsfr4                              sfr4         00000
__Hsfr5                              sfr5         00000
__Hsfr6                              sfr6         00000
__Hsfr7                              sfr7         00000
__Hsfr8                              sfr8         00000
__Hsfr9                              sfr9         00000
__Hspace_0                           (abs)        0800B
__Hspace_1                           (abs)        001CC
__Hspace_2                           (abs)        00000
__Hspace_3                           (abs)        00000
__Hstack                             stack        00000
__Hstrings                           strings      00000
__Hstringtext                        stringtext   00000
__Htext                              text         00000
__Labs1                              abs1         00000
__Lbank0                             bank0        00000
__Lbank1                             bank1        00000
__Lbank10                            bank10       00000
__Lbank11                            bank11       00000
__Lbank12                            bank12       00000
__Lbank13                            bank13       00000
__Lbank14                            bank14       00000
__Lbank15                            bank15       00000
__Lbank16                            bank16       00000
__Lbank17                            bank17       00000
__Lbank18                            bank18       00000
__Lbank19                            bank19       00000
__Lbank2                             bank2        00000
__Lbank20                            bank20       00000
__Lbank21                            bank21       00000
__Lbank22                            bank22       00000
__Lbank23                            bank23       00000
__Lbank24                            bank24       00000
__Lbank25                            bank25       00000
__Lbank26                            bank26       00000
__Lbank27                            bank27       00000
__Lbank28                            bank28       00000
__Lbank29                            bank29       00000
__Lbank3                             bank3        00000
__Lbank30                            bank30       00000
__Lbank31                            bank31       00000
__Lbank4                             bank4        00000
__Lbank5                             bank5        00000
__Lbank6                             bank6        00000
__Lbank7                             bank7        00000
__Lbank8                             bank8        00000
__Lbank9                             bank9        00000
__Lbigram                            bigram       00000
__LbssBANK0                          bssBANK0     00000
__LbssBANK1                          bssBANK1     00000
__LbssBANK2                          bssBANK2     00000
__LbssBANK3                          bssBANK3     00000
__LbssCOMMON                         bssCOMMON    00000
__Lcinit                             cinit        0003B
__Lclrtext                           clrtext      00000
__Lcode                              code         00000
__Lcommon                            common       00000
__Lconfig                            config       08007
__LcstackBANK0                       cstackBANK0  00000
__LcstackBANK1                       cstackBANK1  00000
__LcstackCOMMON                      cstackCOMMON 00000
__LdataBANK3                         dataBANK3    00000
__Leeprom_data                       eeprom_data  00000
__Lend_init                          end_init     00039
__Lfunctab                           functab      00000
__LidataBANK3                        idataBANK3   00000
__Lidloc                             idloc        00000
__Linit                              init         00039
__Linittext                          inittext     00000
__Lintentry                          intentry     00004
__Lmaintext                          maintext     00000
__Lpowerup                           powerup      00000
__Lram                               ram          00000
__Lreset_vec                         reset_vec    00000
__Lsfr0                              sfr0         00000
__Lsfr1                              sfr1         00000
__Lsfr10                             sfr10        00000
__Lsfr11                             sfr11        00000
__Lsfr12                             sfr12        00000
__Lsfr13                             sfr13        00000
__Lsfr14                             sfr14        00000
__Lsfr15                             sfr15        00000
__Lsfr16                             sfr16        00000
__Lsfr17                             sfr17        00000
__Lsfr18                             sfr18        00000
__Lsfr19                             sfr19        00000
__Lsfr2                              sfr2         00000
__Lsfr20                             sfr20        00000
__Lsfr21                             sfr21        00000
__Lsfr22                             sfr22        00000
__Lsfr23                             sfr23        00000
__Lsfr24                             sfr24        00000
__Lsfr25                             sfr25        00000
__Lsfr26                             sfr26        00000
__Lsfr27                             sfr27        00000
__Lsfr28                             sfr28        00000
__Lsfr29                             sfr29        00000
__Lsfr3                              sfr3         00000
__Lsfr30                             sfr30        00000
__Lsfr31                             sfr31        00000
__Lsfr4                              sfr4         00000
__Lsfr5                              sfr5         00000
__Lsfr6                              sfr6         00000
__Lsfr7                              sfr7         00000
__Lsfr8                              sfr8         00000
__Lsfr9                              sfr9         00000
__Lspace_0                           (abs)        00000
__Lspace_1                           (abs)        00000
__Lspace_2                           (abs)        00000
__Lspace_3                           (abs)        00000
__Lstack                             stack        00000
__Lstrings                           strings      00000
__Lstringtext                        stringtext   00000
__Ltext                              text         00000
__S0                                 (abs)        0800B
__S1                                 (abs)        001CC
__S2                                 (abs)        00000
__S3                                 (abs)        00000
___int_sp                            stack        00000
___latbits                           (abs)        00002
___lldiv                             text31       00B9B
___lldiv@counter                     cstackBANK0  00039
___lldiv@dividend                    cstackBANK0  00030
___lldiv@divisor                     cstackBANK0  0002C
___lldiv@quotient                    cstackBANK0  00035
___lmul                              text30       009B1
___lmul@multiplicand                 cstackBANK0  00024
___lmul@multiplier                   cstackBANK0  00020
___lmul@product                      cstackBANK0  00028
___lwdiv                             text58       00A16
___lwdiv@counter                     cstackBANK0  00027
___lwdiv@dividend                    cstackBANK0  00022
___lwdiv@divisor                     cstackBANK0  00020
___lwdiv@quotient                    cstackBANK0  00025
___lwmod                             text62       0092B
___lwmod@counter                     cstackCOMMON 00075
___lwmod@dividend                    cstackCOMMON 00072
___lwmod@divisor                     cstackCOMMON 00070
___sp                                stack        00000
___wmul                              text29       016F2
___wmul@multiplicand                 cstackBANK0  00022
___wmul@multiplier                   cstackBANK0  00020
___wmul@product                      cstackBANK0  00024
__end_of_DATAEE_ReadByte             text15       0152A
__end_of_DATAEE_WriteByte            text5        00890
__end_of_DecodeCMD                   text82       007C8
__end_of_DecodeDATA                  text44       00728
__end_of_EUSART_Initialize           text43       0154B
__end_of_EUSART_RCV_ISR              text81       015A8
__end_of_INTERRUPT_InterruptManager  intentry     00039
__end_of_OSCILLATOR_Initialize       text42       014C3
__end_of_PIN_MANAGER_Initialize      text41       00B4D
__end_of_PWM1_Initialize             text40       014CD
__end_of_PWM1_LoadDutyValue          text49       01783
__end_of_PWM2_Initialize             text39       014D7
__end_of_PWM2_LoadDutyValue          text48       017A2
__end_of_PWM3_Initialize             text38       014EC
__end_of_PWM3_LoadDutyValue          text47       017C1
__end_of_PWM4_Initialize             text37       014F7
__end_of_PWM4_LoadDutyValue          text46       017E0
__end_of_ReadKey                     text66       01581
__end_of_SYSTEM_Initialize           text34       016D7
__end_of_TMR0_Initialize             text36       01502
__end_of_TMR0_StartTimer             text33       01474
__end_of_TMR2_Initialize             text35       014E1
__end_of_TMR2_StartTimer             text32       01477
__end_of_TMR2_UserInterruptHandler   text63       00A16
__end_of___lldiv                     text31       00BEE
__end_of___lmul                      text30       009E1
__end_of___lwdiv                     text58       00A4B
__end_of___lwmod                     text62       00957
__end_of___wmul                      text29       0170E
__end_of__initialization             cinit        00068
__end_of_autoRun                     text28       003EC
__end_of_bleSendCMD                  text17       00902
__end_of_bleSendData                 text56       0092B
__end_of_bleSendDeviceData           text54       00D73
__end_of_bleSendDeviceTime           text53       00B03
__end_of_checkIsYearLeap             text61       009B1
__end_of_eusartSendBuffer            text18       0166F
__end_of_eusartSendByte              text57       014B9
__end_of_findDeviceFlash             text19       016BC
__end_of_getCRC                      text55       016A2
__end_of_indicateLedBle              text52       01490
__end_of_indicateLedDay              text27       01495
__end_of_indicateLedNight            text26       0149A
__end_of_indicateLedOff              text25       0149F
__end_of_initBLE                     text16       00CA2
__end_of_initLed                     text8        014A5
__end_of_initLedPara                 text9        00EF0
__end_of_initLedStatus               text22       00B9B
__end_of_initRTC                     text7        01594
__end_of_keyAction                   text67       01000
__end_of_keyScan                     text65       00A85
__end_of_main                        maintext     00C46
__end_of_preview                     text6        0150D
__end_of_readBuffer                  text13       016F2
__end_of_readByte                    text14       0155C
__end_of_readLedPara                 text12       0084C
__end_of_runRTC                      text60       00D06
__end_of_saveLedPara                 text1        01764
__end_of_strCmp                      text83       0086E
__end_of_turnMaxLed                  text21       0082C
__end_of_turnOffLed                  text20       0172A
__end_of_turnOffLedRamp              text51       0156E
__end_of_turnOnLedRamp               text50       01688
__end_of_updateDayBright             text24       008DA
__end_of_updateDayRiseStatus         text11       01642
__end_of_updateLed                   text64       00DF8
__end_of_updateNightBright           text23       00AC2
__end_of_updateNightRiseStatus       text10       01658
__end_of_updatePWM                   text45       00983
__end_of_writeBuffer                 text3        01746
__end_of_writeByte                   text4        0153A
__end_of_writeLedPara                text2        0151B
__end_ofi1_PWM1_LoadDutyValue        text76       015BE
__end_ofi1_PWM2_LoadDutyValue        text75       015D4
__end_ofi1_PWM3_LoadDutyValue        text74       015EA
__end_ofi1_PWM4_LoadDutyValue        text73       01600
__end_ofi1_indicateLedBle            text80       0147C
__end_ofi1_indicateLedDay            text79       01481
__end_ofi1_indicateLedNight          text78       01486
__end_ofi1_indicateLedOff            text77       0148B
__end_ofi1_updateDayBright           text71       008B3
__end_ofi1_updateDayRiseStatus       text70       01616
__end_ofi1_updateNightBright         text69       00800
__end_ofi1_updateNightRiseStatus     text68       0162C
__end_ofi1_updatePWM                 text72       01800
__initialization                     cinit        0003B
__pbssBANK0                          bssBANK0     00064
__pbssBANK1                          bssBANK1     000D0
__pbssBANK2                          bssBANK2     00120
__pbssBANK3                          bssBANK3     001A0
__pbssCOMMON                         bssCOMMON    0007C
__pcstackBANK0                       cstackBANK0  00020
__pcstackBANK1                       cstackBANK1  000A0
__pcstackCOMMON                      cstackCOMMON 00070
__pdataBANK3                         dataBANK3    001C0
__pidataBANK3                        idataBANK3   00800
__pintentry                          intentry     00004
__pmaintext                          maintext     00BEE
__pstringtext                        stringtext   01000
__pswtext1                           swtext1      0106D
__ptext1                             text1        01746
__ptext10                            text10       01642
__ptext11                            text11       0162C
__ptext12                            text12       0082C
__ptext13                            text13       016D7
__ptext14                            text14       0154B
__ptext15                            text15       0151B
__ptext16                            text16       00C46
__ptext17                            text17       008DA
__ptext18                            text18       01658
__ptext19                            text19       016A2
__ptext2                             text2        0150D
__ptext20                            text20       0170E
__ptext21                            text21       0080C
__ptext22                            text22       00B4D
__ptext23                            text23       00A85
__ptext24                            text24       008B3
__ptext25                            text25       0149A
__ptext26                            text26       01495
__ptext27                            text27       01490
__ptext28                            text28       0006C
__ptext29                            text29       016F2
__ptext3                             text3        0172A
__ptext30                            text30       009B1
__ptext31                            text31       00B9B
__ptext32                            text32       01474
__ptext33                            text33       01471
__ptext34                            text34       016BC
__ptext35                            text35       014D7
__ptext36                            text36       014F7
__ptext37                            text37       014EC
__ptext38                            text38       014E1
__ptext39                            text39       014CD
__ptext4                             text4        0152A
__ptext40                            text40       014C3
__ptext41                            text41       00B03
__ptext42                            text42       014B9
__ptext43                            text43       0153A
__ptext44                            text44       003EC
__ptext45                            text45       00957
__ptext46                            text46       017C1
__ptext47                            text47       017A2
__ptext48                            text48       01783
__ptext49                            text49       01764
__ptext5                             text5        0086E
__ptext50                            text50       0166F
__ptext51                            text51       0155C
__ptext52                            text52       0148B
__ptext53                            text53       00AC2
__ptext54                            text54       00D06
__ptext55                            text55       01688
__ptext56                            text56       00902
__ptext57                            text57       014B1
__ptext58                            text58       00A16
__ptext6                             text6        01502
__ptext60                            text60       00CA2
__ptext61                            text61       00983
__ptext62                            text62       0092B
__ptext63                            text63       009E1
__ptext64                            text64       00D73
__ptext65                            text65       00A4B
__ptext66                            text66       0156E
__ptext67                            text67       00EF0
__ptext68                            text68       01616
__ptext69                            text69       007C8
__ptext7                             text7        01581
__ptext70                            text70       01600
__ptext71                            text71       00890
__ptext72                            text72       017E0
__ptext73                            text73       015EA
__ptext74                            text74       015D4
__ptext75                            text75       015BE
__ptext76                            text76       015A8
__ptext77                            text77       01486
__ptext78                            text78       01481
__ptext79                            text79       0147C
__ptext8                             text8        0149F
__ptext80                            text80       01477
__ptext81                            text81       01594
__ptext82                            text82       00728
__ptext83                            text83       0084C
__ptext9                             text9        00DF8
__size_of_DATAEE_ReadByte            (abs)        00000
__size_of_DATAEE_WriteByte           (abs)        00000
__size_of_DecodeCMD                  (abs)        00000
__size_of_DecodeDATA                 (abs)        00000
__size_of_EUSART_Initialize          (abs)        00000
__size_of_EUSART_RCV_ISR             (abs)        00000
__size_of_INTERRUPT_InterruptManager (abs)        00000
__size_of_OSCILLATOR_Initialize      (abs)        00000
__size_of_PIN_MANAGER_Initialize     (abs)        00000
__size_of_PWM1_Initialize            (abs)        00000
__size_of_PWM1_LoadDutyValue         (abs)        00000
__size_of_PWM2_Initialize            (abs)        00000
__size_of_PWM2_LoadDutyValue         (abs)        00000
__size_of_PWM3_Initialize            (abs)        00000
__size_of_PWM3_LoadDutyValue         (abs)        00000
__size_of_PWM4_Initialize            (abs)        00000
__size_of_PWM4_LoadDutyValue         (abs)        00000
__size_of_ReadKey                    (abs)        00000
__size_of_SYSTEM_Initialize          (abs)        00000
__size_of_TMR0_Initialize            (abs)        00000
__size_of_TMR0_StartTimer            (abs)        00000
__size_of_TMR2_Initialize            (abs)        00000
__size_of_TMR2_StartTimer            (abs)        00000
__size_of_TMR2_UserInterruptHandler  (abs)        00000
__size_of___lldiv                    (abs)        00000
__size_of___lmul                     (abs)        00000
__size_of___lwdiv                    (abs)        00000
__size_of___lwmod                    (abs)        00000
__size_of___wmul                     (abs)        00000
__size_of_autoRun                    (abs)        00000
__size_of_bleSendCMD                 (abs)        00000
__size_of_bleSendData                (abs)        00000
__size_of_bleSendDeviceData          (abs)        00000
__size_of_bleSendDeviceTime          (abs)        00000
__size_of_checkIsYearLeap            (abs)        00000
__size_of_eusartSendBuffer           (abs)        00000
__size_of_eusartSendByte             (abs)        00000
__size_of_findDeviceFlash            (abs)        00000
__size_of_getCRC                     (abs)        00000
__size_of_indicateLedBle             (abs)        00000
__size_of_indicateLedDay             (abs)        00000
__size_of_indicateLedNight           (abs)        00000
__size_of_indicateLedOff             (abs)        00000
__size_of_initBLE                    (abs)        00000
__size_of_initLed                    (abs)        00000
__size_of_initLedPara                (abs)        00000
__size_of_initLedStatus              (abs)        00000
__size_of_initRTC                    (abs)        00000
__size_of_keyAction                  (abs)        00000
__size_of_keyScan                    (abs)        00000
__size_of_main                       (abs)        00000
__size_of_preview                    (abs)        00000
__size_of_readBuffer                 (abs)        00000
__size_of_readByte                   (abs)        00000
__size_of_readLedPara                (abs)        00000
__size_of_runRTC                     (abs)        00000
__size_of_saveLedPara                (abs)        00000
__size_of_strCmp                     (abs)        00000
__size_of_turnMaxLed                 (abs)        00000
__size_of_turnOffLed                 (abs)        00000
__size_of_turnOffLedRamp             (abs)        00000
__size_of_turnOnLedRamp              (abs)        00000
__size_of_updateDayBright            (abs)        00000
__size_of_updateDayRiseStatus        (abs)        00000
__size_of_updateLed                  (abs)        00000
__size_of_updateNightBright          (abs)        00000
__size_of_updateNightRiseStatus      (abs)        00000
__size_of_updatePWM                  (abs)        00000
__size_of_writeBuffer                (abs)        00000
__size_of_writeByte                  (abs)        00000
__size_of_writeLedPara               (abs)        00000
__size_ofi1_PWM1_LoadDutyValue       (abs)        00000
__size_ofi1_PWM2_LoadDutyValue       (abs)        00000
__size_ofi1_PWM3_LoadDutyValue       (abs)        00000
__size_ofi1_PWM4_LoadDutyValue       (abs)        00000
__size_ofi1_indicateLedBle           (abs)        00000
__size_ofi1_indicateLedDay           (abs)        00000
__size_ofi1_indicateLedNight         (abs)        00000
__size_ofi1_indicateLedOff           (abs)        00000
__size_ofi1_updateDayBright          (abs)        00000
__size_ofi1_updateDayRiseStatus      (abs)        00000
__size_ofi1_updateNightBright        (abs)        00000
__size_ofi1_updateNightRiseStatus    (abs)        00000
__size_ofi1_updatePWM                (abs)        00000
_autoRun                             text28       0006C
_bleSendCMD                          text17       008DA
_bleSendData                         text56       00902
_bleSendDeviceData                   text54       00D06
_bleSendDeviceTime                   text53       00AC2
_checkIsYearLeap                     text61       00983
_eusartRunPara                       bssBANK0     00064
_eusartSendBuffer                    text18       01658
_eusartSendByte                      text57       014B1
_findDeviceFlash                     text19       016A2
_gCurrentTime                        bssBANK1     000E5
_gLedPara                            bssBANK2     00120
_gLedRunPara                         bssBANK1     000D0
_getCRC                              text55       01688
_indicateLedBle                      text52       0148B
_indicateLedDay                      text27       01490
_indicateLedNight                    text26       01495
_indicateLedOff                      text25       0149A
_initBLE                             text16       00C46
_initLed                             text8        0149F
_initLedPara                         text9        00DF8
_initLedStatus                       text22       00B4D
_initRTC                             text7        01581
_keyAction                           text67       00EF0
_keyScan                             text65       00A4B
_keyValue                            bssCOMMON    0007C
_main                                maintext     00BEE
_preview                             text6        01502
_readBuffer                          text13       016D7
_readByte                            text14       0154B
_readLedPara                         text12       0082C
_runRTC                              text60       00CA2
_rxBuf                               bssBANK2     0014F
_saveLedPara                         text1        01746
_strCmp                              text83       0084C
_turnMaxLed                          text21       0080C
_turnOffLed                          text20       0170E
_turnOffLedRamp                      text51       0155C
_turnOnLedRamp                       text50       0166F
_txBuf                               bssBANK3     001A0
_updateDayBright                     text24       008B3
_updateDayRiseStatus                 text11       0162C
_updateLed                           text64       00D73
_updateNightBright                   text23       00A85
_updateNightRiseStatus               text10       01642
_updatePWM                           text45       00957
_writeBuffer                         text3        0172A
_writeByte                           text4        0152A
_writeLedPara                        text2        0150D
autoRun@ct                           cstackBANK1  000C3
autoRun@dbrt                         cstackBANK1  000BE
autoRun@dt                           cstackBANK1  000BA
autoRun@duration                     cstackBANK1  000B8
autoRun@et                           cstackBANK1  000C1
autoRun@i                            cstackBANK1  000C8
autoRun@j                            cstackBANK1  000C0
autoRun@k                            cstackBANK1  000C7
autoRun@sec                          cstackBANK1  000BF
autoRun@st                           cstackBANK1  000C5
autoRun@tr                           cstackBANK1  000B0
autoRun@val                          cstackBANK1  000A0
bleSendCMD@pBuf                      cstackBANK0  00024
bleSendData@frame                    cstackBANK0  00024
bleSendData@len                      cstackBANK0  00021
bleSendDeviceData@i                  cstackBANK0  00029
bleSendDeviceData@len                cstackBANK0  00028
bleSendDeviceTime@i                  cstackBANK0  00029
bleSendDeviceTime@len                cstackBANK0  00028
btemp                                (abs)        0007E
checkIsYearLeap@year                 cstackCOMMON 00076
clear_ram0                           clrtext      014A5
end_of_initialization                cinit        00068
eusartSendBuffer@buf                 cstackBANK0  00021
eusartSendByte@byte                  cstackBANK0  00020
findDeviceFlash@tog                  bssBANK0     0006E
getCRC@i                             cstackBANK0  00024
getCRC@len                           cstackBANK0  00020
getCRC@pbuf                          cstackBANK0  00025
getCRC@result                        cstackBANK0  00023
i1PWM1_LoadDutyValue@dutyValue       cstackCOMMON 00070
i1PWM2_LoadDutyValue@dutyValue       cstackCOMMON 00070
i1PWM3_LoadDutyValue@dutyValue       cstackCOMMON 00070
i1PWM4_LoadDutyValue@dutyValue       cstackCOMMON 00070
i1_PWM1_LoadDutyValue                text76       015A8
i1_PWM2_LoadDutyValue                text75       015BE
i1_PWM3_LoadDutyValue                text74       015D4
i1_PWM4_LoadDutyValue                text73       015EA
i1_indicateLedBle                    text80       01477
i1_indicateLedDay                    text79       0147C
i1_indicateLedNight                  text78       01481
i1_indicateLedOff                    text77       01486
i1_updateDayBright                   text71       00890
i1_updateDayRiseStatus               text70       01600
i1_updateNightBright                 text69       007C8
i1_updateNightRiseStatus             text68       01616
i1_updatePWM                         text72       017E0
i1updateDayBright@i                  cstackCOMMON 00073
i1updateNightBright@i                cstackCOMMON 00073
initLedPara@i                        cstackBANK0  00061
initLedPara@j                        cstackBANK0  00060
initLedStatus@i                      cstackBANK0  00026
initLedStatus@sta                    cstackBANK0  00025
init_ram                             inittext     014AB
int$flags                            (abs)        0007E
intlevel0                            functab      00000
intlevel1                            functab      00000
intlevel2                            functab      00000
intlevel3                            functab      00000
intlevel4                            functab      00000
intlevel5                            functab      00000
keyAction@i                          cstackCOMMON 00077
keyAction@sta                        cstackCOMMON 00076
keyScan@keyNum                       cstackCOMMON 00073
[...]
      Locals:         0       0       0       0       0       0       0       0       0       0       0       0       0       0
      Temps:          0       0       0       0       0       0       0       0       0       0       0       0       0       0
      Totals:         0       0       0       0       0       0       0       0       0       0       0       0       0       0
Total ram usage:        0 bytes
 Hardware stack levels used:    1
 Hardware stack levels required when called:    1
 This function calls:
		i1_PWM1_LoadDutyValue
		i1_PWM2_LoadDutyValue
		i1_PWM3_LoadDutyValue
		i1_PWM4_LoadDutyValue
 This function is called by:
		_keyAction
		_updateLed
		i1_updateDayBright
		i1_updateNightBright
 This function uses a non-reentrant model


 *************** function i1_PWM4_LoadDutyValue *****************
 Defined at:
		line 126 in file "src/pwm.c"
 Parameters:    Size  Location     Type
  dutyValue       2    0[COMMON] unsigned int 
 Auto vars:     Size  Location     Type
		None
 Return value:  Size  Location     Type
                  1    wreg      void 
 Registers used:
		wreg, status,2
 Tracked objects:
		On entry : 
		On exit  : 
		Unchanged: 
 Data sizes:     COMMON   BANK0   BANK1   BANK2   BANK3   BANK4   BANK5   BANK6   BANK7   BANK8   BANK9  BANK10  BANK11  BANK12
      Params:         2       0       0       0       0       0       0       0       0       0       0       0       0       0
      Locals:         0       0       0       0       0       0       0       0       0       0       0       0       0       0
      Temps:          0       0       0       0       0       0       0       0       0       0       0       0       0       0
      Totals:         2       0       0       0       0       0       0       0       0       0       0       0       0       0
Total ram usage:        2 bytes
 Hardware stack levels used:    1
 This function calls:
		Nothing
 This function is called by:
		i1_updatePWM
 This function uses a non-reentrant model


 *************** function i1_PWM3_LoadDutyValue *****************
 Defined at:
		line 91 in file "src/pwm.c"
 Parameters:    Size  Location     Type
  dutyValue       2    0[COMMON] unsigned int 
 Auto vars:     Size  Location     Type
		None
 Return value:  Size  Location     Type
                  1    wreg      void 
 Registers used:
		wreg, status,2
 Tracked objects:
		On entry : 
		On exit  : 
		Unchanged: 
 Data sizes:     COMMON   BANK0   BANK1   BANK2   BANK3   BANK4   BANK5   BANK6   BANK7   BANK8   BANK9  BANK10  BANK11  BANK12
      Params:         2       0       0       0       0       0       0       0       0       0       0       0       0       0
      Locals:         0       0       0       0       0       0       0       0       0       0       0       0       0       0
      Temps:          0       0       0       0       0       0       0       0       0       0       0       0       0       0
      Totals:         2       0       0       0       0       0       0       0       0       0       0       0       0       0
Total ram usage:        2 bytes
 Hardware stack levels used:    1
 This function calls:
		Nothing
 This function is called by:
		i1_updatePWM
 This function uses a non-reentrant model


 *************** function i1_PWM2_LoadDutyValue *****************
 Defined at:
		line 56 in file "src/pwm.c"
 Parameters:    Size  Location     Type
  dutyValue       2    0[COMMON] unsigned int 
 Auto vars:     Size  Location     Type
		None
 Return value:  Size  Location     Type
                  1    wreg      void 
 Registers used:
		wreg, status,2
 Tracked objects:
		On entry : 
		On exit  : 
		Unchanged: 
 Data sizes:     COMMON   BANK0   BANK1   BANK2   BANK3   BANK4   BANK5   BANK6   BANK7   BANK8   BANK9  BANK10  BANK11  BANK12
      Params:         2       0       0       0       0       0       0       0       0       0       0       0       0       0
      Locals:         0       0       0       0       0       0       0       0       0       0       0       0       0       0
      Temps:          0       0       0       0       0       0       0       0       0       0       0       0       0       0
      Totals:         2       0       0       0       0       0       0       0       0       0       0       0       0       0
Total ram usage:        2 bytes
 Hardware stack levels used:    1
 This function calls:
		Nothing
 This function is called by:
		i1_updatePWM
 This function uses a non-reentrant model


 *************** function i1_PWM1_LoadDutyValue *****************
 Defined at:
		line 21 in file "src/pwm.c"
 Parameters:    Size  Location     Type
  dutyValue       2    0[COMMON] unsigned int 
 Auto vars:     Size  Location     Type
		None
 Return value:  Size  Location     Type
                  1    wreg      void 
 Registers used:
		wreg, status,2
 Tracked objects:
		On entry : 
		On exit  : 
		Unchanged: 
 Data sizes:     COMMON   BANK0   BANK1   BANK2   BANK3   BANK4   BANK5   BANK6   BANK7   BANK8   BANK9  BANK10  BANK11  BANK12
      Params:         2       0       0       0       0       0       0       0       0       0       0       0       0       0
      Locals:         0       0       0       0       0       0       0       0       0       0       0       0       0       0
      Temps:          0       0       0       0       0       0       0       0       0       0       0       0       0       0
      Totals:         2       0       0       0       0       0       0       0       0       0       0       0       0       0
Total ram usage:        2 bytes
 Hardware stack levels used:    1
 This function calls:
		Nothing
 This function is called by:
		i1_updatePWM
 This function uses a non-reentrant model


 *************** function i1_indicateLedOff *****************
 Defined at:
		line 331 in file "src/led.c"
 Parameters:    Size  Location     Type
		None
 Auto vars:     Size  Location     Type
		None
 Return value:  Size  Location     Type
                  1    wreg      void 
 Registers used:
		None
 Tracked objects:
		On entry : 
		On exit  : 
		Unchanged: 
 Data sizes:     COMMON   BANK0   BANK1   BANK2   BANK3   BANK4   BANK5   BANK6   BANK7   BANK8   BANK9  BANK10  BANK11  BANK12
      Params:         0       0       0       0       0       0       0       0       0       0       0       0       0       0
      Locals:         0       0       0       0       0       0       0       0       0       0       0       0       0       0
      Temps:          0       0       0       0       0       0       0       0       0       0       0       0       0       0
      Totals:         0       0       0       0       0       0       0       0       0       0       0       0       0       0
Total ram usage:        0 bytes
 Hardware stack levels used:    1
 This function calls:
		Nothing
 This function is called by:
		_keyAction
 This function uses a non-reentrant model


 *************** function i1_indicateLedNight *****************
 Defined at:
		line 347 in file "src/led.c"
 Parameters:    Size  Location     Type
		None
 Auto vars:     Size  Location     Type
		None
 Return value:  Size  Location     Type
                  1    wreg      void 
 Registers used:
		None
 Tracked objects:
		On entry : 
		On exit  : 
		Unchanged: 
 Data sizes:     COMMON   BANK0   BANK1   BANK2   BANK3   BANK4   BANK5   BANK6   BANK7   BANK8   BANK9  BANK10  BANK11  BANK12
      Params:         0       0       0       0       0       0       0       0       0       0       0       0       0       0
      Locals:         0       0       0       0       0       0       0       0       0       0       0       0       0       0
      Temps:          0       0       0       0       0       0       0       0       0       0       0       0       0       0
      Totals:         0       0       0       0       0       0       0       0       0       0       0       0       0       0
Total ram usage:        0 bytes
 Hardware stack levels used:    1
 This function calls:
		Nothing
 This function is called by:
		_keyAction
 This function uses a non-reentrant model


 *************** function i1_indicateLedDay *****************
 Defined at:
		line 339 in file "src/led.c"
 Parameters:    Size  Location     Type
		None
 Auto vars:     Size  Location     Type
		None
 Return value:  Size  Location     Type
                  1    wreg      void 
 Registers used:
		None
 Tracked objects:
		On entry : 
		On exit  : 
		Unchanged: 
 Data sizes:     COMMON   BANK0   BANK1   BANK2   BANK3   BANK4   BANK5   BANK6   BANK7   BANK8   BANK9  BANK10  BANK11  BANK12
      Params:         0       0       0       0       0       0       0       0       0       0       0       0       0       0
      Locals:         0       0       0       0       0       0       0       0       0       0       0       0       0       0
      Temps:          0       0       0       0       0       0       0       0       0       0       0       0       0       0
      Totals:         0       0       0       0       0       0       0       0       0       0       0       0       0       0
Total ram usage:        0 bytes
 Hardware stack levels used:    1
 This function calls:
		Nothing
 This function is called by:
		_keyAction
 This function uses a non-reentrant model


 *************** function i1_indicateLedBle *****************
 Defined at:
		line 355 in file "src/led.c"
 Parameters:    Size  Location     Type
		None
 Auto vars:     Size  Location     Type
		None
 Return value:  Size  Location     Type
                  1    wreg      void 
 Registers used:
		None
 Tracked objects:
		On entry : 
		On exit  : 
		Unchanged: 
 Data sizes:     COMMON   BANK0   BANK1   BANK2   BANK3   BANK4   BANK5   BANK6   BANK7   BANK8   BANK9  BANK10  BANK11  BANK12
      Params:         0       0       0       0       0       0       0       0       0       0       0       0       0       0
      Locals:         0       0       0       0       0       0       0       0       0       0       0       0       0       0
      Temps:          0       0       0       0       0       0       0       0       0       0       0       0       0       0
      Totals:         0       0       0       0       0       0       0       0       0       0       0       0       0       0
Total ram usage:        0 bytes
 Hardware stack levels used:    1
 This function calls:
		Nothing
 This function is called by:
		_keyAction
 This function uses a non-reentrant model


 *************** function _EUSART_RCV_ISR *****************
 Defined at:
		line 33 in file "src/eusart.c"
 Parameters:    Size  Location     Type
		None
 Auto vars:     Size  Location     Type
		None
 Return value:  Size  Location     Type
                  1    wreg      void 
 Registers used:
		wreg, fsr1l, fsr1h, status,2, status,0
 Tracked objects:
		On entry : 
		On exit  : 
		Unchanged: 
 Data sizes:     COMMON   BANK0   BANK1   BANK2   BANK3   BANK4   BANK5   BANK6   BANK7   BANK8   BANK9  BANK10  BANK11  BANK12
      Params:         0       0       0       0       0       0       0       0       0       0       0       0       0       0
      Locals:         0       0       0       0       0       0       0       0       0       0       0       0       0       0
      Temps:          1       0       0       0       0       0       0       0       0       0       0       0       0       0
      Totals:         1       0       0       0       0       0       0       0       0       0       0       0       0       0
Total ram usage:        1 bytes
 Hardware stack levels used:    1
 This function calls:
		Nothing
 This function is called by:
		_INTERRUPT_InterruptManager
 This function uses a non-reentrant model


 *************** function _DecodeCMD *****************
 Defined at:
		line 127 in file "src/ble.c"
 Parameters:    Size  Location     Type
		None
 Auto vars:     Size  Location     Type
		None
 Return value:  Size  Location     Type
                  1    wreg      void 
 Registers used:
		wreg, fsr0l, fsr0h, fsr1l, fsr1h, status,2, status,0, pclath, cstack
 Tracked objects:
		On entry : 
		On exit  : 
		Unchanged: 
 Data sizes:     COMMON   BANK0   BANK1   BANK2   BANK3   BANK4   BANK5   BANK6   BANK7   BANK8   BANK9  BANK10  BANK11  BANK12
      Params:         0       0       0       0       0       0       0       0       0       0       0       0       0       0
      Locals:         0       0       0       0       0       0       0       0       0       0       0       0       0       0
      Temps:          1       0       0       0       0       0       0       0       0       0       0       0       0       0
      Totals:         1       0       0       0       0       0       0       0       0       0       0       0       0       0
Total ram usage:        1 bytes
 Hardware stack levels used:    1
 Hardware stack levels required when called:    1
 This function calls:
		_strCmp
 This function is called by:
		_INTERRUPT_InterruptManager
 This function uses a non-reentrant model


 *************** function _strCmp *****************
 Defined at:
		line 133 in file "src/comman.c"
 Parameters:    Size  Location     Type
  s1              1    wreg     PTR const unsigned char 
		 -> rxBuf(32), 
  s2              2    0[COMMON] PTR const unsigned char 
		 -> STR_3(17), STR_2(8), STR_1(8), 
 Auto vars:     Size  Location     Type
  s1              1    3[COMMON] PTR const unsigned char 
		 -> rxBuf(32), 
 Return value:  Size  Location     Type
                  1    wreg      unsigned char 
 Registers used:
		wreg, fsr0l, fsr0h, fsr1l, fsr1h, status,2, status,0, pclath
 Tracked objects:
		On entry : 
		On exit  : 
		Unchanged: 
 Data sizes:     COMMON   BANK0   BANK1   BANK2   BANK3   BANK4   BANK5   BANK6   BANK7   BANK8   BANK9  BANK10  BANK11  BANK12
      Params:         2       0       0       0       0       0       0       0       0       0       0       0       0       0
      Locals:         1       0       0       0       0       0       0       0       0       0       0       0       0       0
      Temps:          1       0       0       0       0       0       0       0       0       0       0       0       0       0
      Totals:         4       0       0       0       0       0       0       0       0       0       0       0       0       0
Total ram usage:        4 bytes
 Hardware stack levels used:    1
 This function calls:
		Nothing
 This function is called by:
		_DecodeCMD
 This function uses a non-reentrant model



MODULE INFORMATION

Module		Function		Class		Link	Load	Size
src/led.c
		_turnOnLedRamp 		CODE           	166F	0000	26
		_turnOffLed    		CODE           	170E	0000	29
		_updateNightBright		CODE           	0A85	0000	62
		_updatePWM     		CODE           	0957	0000	45
		_autoRun       		CODE           	006C	0000	897
		_indicateLedNight		CODE           	1495	0000	6
		_turnOffLedRamp		CODE           	155C	0000	19
		_indicateLedBle		CODE           	148B	0000	6
		_indicateLedOff		CODE           	149A	0000	6
		_updateLed     		CODE           	0D73	0000	134
		_indicateLedDay		CODE           	1490	0000	6
		_turnMaxLed    		CODE           	080C	0000	33
		_updateDayBright		CODE           	08B3	0000	40
		_updateDayRiseStatus		CODE           	162C	0000	23
		_initLed       		CODE           	149F	0000	7
		_initLedPara   		CODE           	0DF8	0000	249
		_initLedStatus 		CODE           	0B4D	0000	79
		_preview       		CODE           	1502	0000	12
		_updateNightRiseStatus		CODE           	1642	0000	23
		_findDeviceFlash		CODE           	16A2	0000	27

src/led.c estimated size: 1729

/Applications/microchip/xc8/v1.38/sources/common/lwdiv.c
		___lwdiv       		CODE           	0A16	0000	54

/Applications/microchip/xc8/v1.38/sources/common/lwdiv.c estimated size: 54

/Applications/microchip/xc8/v1.38/sources/common/lldiv.c
		___lldiv       		CODE           	0B9B	0000	84

/Applications/microchip/xc8/v1.38/sources/common/lldiv.c estimated size: 84

/Applications/microchip/xc8/v1.38/sources/common/Umul16.c
		___wmul        		CODE           	16F2	0000	29

/Applications/microchip/xc8/v1.38/sources/common/Umul16.c estimated size: 29

src/eusart.c
		_EUSART_RCV_ISR		CODE           	1594	0000	21
		_EUSART_Initialize		CODE           	153A	0000	18
		_eusartSendBuffer		CODE           	1658	0000	24
		_eusartSendByte		CODE           	14B1	0000	9

src/eusart.c estimated size: 72

src/main.c
		_main          		CODE           	0BEE	0000	89

src/main.c estimated size: 89

/Applications/microchip/xc8/v1.38/sources/common/Umul32.c
		___lmul        		CODE           	09B1	0000	49

/Applications/microchip/xc8/v1.38/sources/common/Umul32.c estimated size: 49

src/pwm.c
		_PWM1_Initialize		CODE           	14C3	0000	11
		_PWM2_Initialize		CODE           	14CD	0000	11
		_PWM3_Initialize		CODE           	14E1	0000	12
		_PWM4_Initialize		CODE           	14EC	0000	12
		_PWM1_LoadDutyValue		CODE           	1764	0000	32
		_PWM2_LoadDutyValue		CODE           	1783	0000	32
		_PWM3_LoadDutyValue		CODE           	17A2	0000	32
		_PWM4_LoadDutyValue		CODE           	17C1	0000	32

src/pwm.c estimated size: 174

shared
		i1_updateDayBright		CODE           	0890	0000	36
		i1_indicateLedBle		CODE           	1477	0000	6
		i1_indicateLedOff		CODE           	1486	0000	6
		i1_updateNightBright		CODE           	07C8	0000	57
		i1_indicateLedDay		CODE           	147C	0000	6
		i1_PWM1_LoadDutyValue		CODE           	15A8	0000	23
		i1_PWM4_LoadDutyValue		CODE           	15EA	0000	23
		i1_updateNightRiseStatus		CODE           	1616	0000	23
		__initialization		CODE           	003B	0000	46
		i1_PWM2_LoadDutyValue		CODE           	15BE	0000	23
		i1_updatePWM   		CODE           	17E0	0000	33
		i1_indicateLedNight		CODE           	1481	0000	6
		i1_updateDayRiseStatus		CODE           	1600	0000	23
		i1_PWM3_LoadDutyValue		CODE           	15D4	0000	23

shared estimated size: 334

src/key.c
		_keyAction     		CODE           	0EF0	0000	273
		_ReadKey       		CODE           	156E	0000	20
		_keyScan       		CODE           	0A4B	0000	59

src/key.c estimated size: 352

src/tmr.c
		_TMR2_Initialize		CODE           	14D7	0000	11
		_TMR0_StartTimer		CODE           	1471	0000	4
		_TMR2_StartTimer		CODE           	1474	0000	4
		_TMR0_Initialize		CODE           	14F7	0000	12

src/tmr.c estimated size: 31

src/ble.c
		_initBLE       		CODE           	0C46	0000	93
		_bleSendDeviceData		CODE           	0D06	0000	110
		_bleSendDeviceTime		CODE           	0AC2	0000	66
		_getCRC        		CODE           	1688	0000	27
		_DecodeDATA    		CODE           	03EC	0000	829
		_DecodeCMD     		CODE           	0728	0000	161
		_bleSendCMD    		CODE           	08DA	0000	41
		_bleSendData   		CODE           	0902	0000	42

src/ble.c estimated size: 1369

/Applications/microchip/xc8/v1.38/sources/common/lwmod.c
		___lwmod       		CODE           	092B	0000	45

/Applications/microchip/xc8/v1.38/sources/common/lwmod.c estimated size: 45

src/eeprom.c
		_readByte      		CODE           	154B	0000	18
		_readBuffer    		CODE           	16D7	0000	28
		_writeLedPara  		CODE           	150D	0000	15
		_DATAEE_WriteByte		CODE           	086E	0000	35
		_writeByte     		CODE           	152A	0000	17
		_saveLedPara   		CODE           	1746	0000	31
		_readLedPara   		CODE           	082C	0000	33
		_writeBuffer   		CODE           	172A	0000	29
		_DATAEE_ReadByte		CODE           	151B	0000	16

src/eeprom.c estimated size: 222

src/pin.c
		_PIN_MANAGER_Initialize		CODE           	0B03	0000	75

src/pin.c estimated size: 75

src/rtc.c
		_runRTC        		CODE           	0CA2	0000	101
		_initRTC       		CODE           	1581	0000	20
		_checkIsYearLeap		CODE           	0983	0000	47

src/rtc.c estimated size: 168

src/comman.c
		_TMR2_UserInterruptHandler		CODE           	09E1	0000	54
		_INTERRUPT_InterruptManager		CODE           	0004	0000	54
		_OSCILLATOR_Initialize		CODE           	14B9	0000	11
		_SYSTEM_Initialize		CODE           	16BC	0000	28
		_strCmp        		CODE           	084C	0000	35

src/comman.c estimated size: 182

