Microchip MPLAB XC8 Compiler V1.40 ()

Linker command line:

-W-3 --edf=/Applications/microchip/xc8/v1.40/dat/en_msgs.txt -cs \
  -h+dist/default/production/BleEggLight.X.production.sym \
  --cmf=dist/default/production/BleEggLight.X.production.cmf -z -Q16F18345 \
  -o/tmp/xcggQuQpV -Mdist/default/production/BleEggLight.X.production.map \
  -E1 -ver=XC8 -ASTACK=02140h-02398h -pstack=STACK -ACODE=00h-07FFhx4 \
  -ASTRCODE=00h-01FFFh -ASTRING=00h-0FFhx32 -ACONST=00h-0FFhx32 \
  -AENTRY=00h-0FFhx32 -ACOMMON=070h-07Fh -ABANK0=020h-06Fh \
  -ABANK1=0A0h-0EFh -ABANK2=0120h-016Fh -ABANK3=01A0h-01EFh \
  -ABANK4=0220h-026Fh -ABANK5=02A0h-02EFh -ABANK6=0320h-036Fh \
  -ABANK7=03A0h-03EFh -ABANK8=0420h-046Fh -ABANK9=04A0h-04EFh \
  -ABANK10=0520h-056Fh -ABANK11=05A0h-05EFh -ABANK12=0620h-064Fh \
  -ABIGRAM=02000h-023EFh \
  -ARAM=020h-06Fh,0A0h-0EFh,0120h-016Fh,01A0h-01EFh,0220h-026Fh,02A0h-02EFh,0320h-036Fh,03A0h-03EFh,0420h-046Fh,04A0h-04EFh,0520h-056Fh,05A0h-05EFh,0620h-064Fh \
  -AABS1=020h-07Fh,0A0h-0EFh,0120h-016Fh,01A0h-01EFh,0220h-026Fh,02A0h-02EFh,0320h-036Fh,03A0h-03EFh,0420h-046Fh,04A0h-04EFh,0520h-056Fh,05A0h-05EFh,0620h-064Fh \
  -ASFR0=00h-01Fh -ASFR1=080h-09Fh -ASFR2=0100h-011Fh -ASFR3=0180h-019Fh \
  -ASFR4=0200h-021Fh -ASFR5=0280h-029Fh -ASFR6=0300h-031Fh \
  -ASFR7=0380h-039Fh -ASFR8=0400h-041Fh -ASFR9=0480h-049Fh \
  -ASFR10=0500h-051Fh -ASFR11=0580h-059Fh -ASFR12=0600h-061Fh \
  -ASFR13=0680h-06EFh -ASFR14=0700h-076Fh -ASFR15=0780h-07EFh \
  -ASFR16=0800h-086Fh -ASFR17=0880h-08EFh -ASFR18=0900h-096Fh \
  -ASFR19=0980h-09EFh -ASFR20=0A00h-0A6Fh -ASFR21=0A80h-0AEFh \
  -ASFR22=0B00h-0B6Fh -ASFR23=0B80h-0BEFh -ASFR24=0C00h-0C6Fh \
  -ASFR25=0C80h-0CEFh -ASFR26=0D00h-0D6Fh -ASFR27=0D80h-0DEFh \
  -ASFR28=0E00h-0E6Fh -ASFR29=0E80h-0EEFh -ASFR30=0F00h-0F6Fh \
  -ASFR31=0F80h-0FEFh -preset_vec=00h,intentry=04h,init,end_init \
  -ppowerup=CODE -pcinit=CODE -pfunctab=CODE -ACONFIG=08007h-0800Ah \
  -pconfig=CONFIG -DCONFIG=2 -AIDLOC=08000h-08003h -pidloc=IDLOC -DIDLOC=2 \
  -AEEDATA=00h-0FFh/0F000h -peeprom_data=EEDATA -DEEDATA=2 -DCODE=2 \
  -DSTRCODE=2 -DSTRING=2 -DCONST=2 -DENTRY=2 -k /tmp/xc43kpsuR.obj \
  dist/default/production/BleEggLight.X.production.obj 

Object code version is 3.11

Machine type is 16F18345



                Name                               Link     Load   Length Selector   Space Scale
/tmp/xc43kpsuR.obj
                end_init                             31       31        2        8       0
                reset_vec                             0        0        2        0       0
                config                             8007     8007        4    1000E       0
dist/default/production/BleEggLight.X.production.obj
                cinit                                33       33      75B        8       0
                intentry                              4        4       2D        8       0
                text62                              E8C      E8C       9B     1D18       0
                text61                              78E      78E       10        8       0
                text54                              F27      F27       D9     1E4E       0
                text51                              E05      E05       87     1C0A       0
                cstackBANK0                          20       20       28       20       1
                cstackCOMMON                         70       70        9       70       1
                clrtext                             79E      79E        C        8       0
                bssBANK3                            1A0      1A0       50      1A0       1
                bssBANK2                            120      120       20      120       1
                dataBANK1                            C7       C7        C       A0       1
                bssBANK1                             A0       A0       27       A0       1
                bssBANK0                             48       48       26       20       1
                bssCOMMON                            79       79        2       70       1
                stringtext                         1000     1000       6D     2000       0

TOTAL           Name                               Link     Load   Length     Space
        CLASS   STACK          

        CLASS   CODE           
                end_init                             31       31        2         0
                cinit                                33       33      75B         0
                intentry                              4        4       2D         0
                reset_vec                             0        0        2         0
                text62                              E8C      E8C       9B         0
                text61                              78E      78E       10         0
                text54                              F27      F27       D9         0
                text51                              E05      E05       87         0
                clrtext                             79E      79E        C         0

        CLASS   STRCODE        
                stringtext                         1000     1000       6D         0

        CLASS   STRING         

        CLASS   CONST          

        CLASS   ENTRY          

        CLASS   COMMON         
                cstackCOMMON                         70       70        9         1
                bssCOMMON                            79       79        2         1

        CLASS   BANK0          
                cstackBANK0                          20       20       28         1
                bssBANK0                             48       48       26         1

        CLASS   BANK1          
                dataBANK1                            C7       C7        C         1
                bssBANK1                             A0       A0       27         1

        CLASS   BANK2          
                bssBANK2                            120      120       20         1

        CLASS   BANK3          
                bssBANK3                            1A0      1A0       50         1

        CLASS   BANK4          

        CLASS   BANK5          

        CLASS   BANK6          

        CLASS   BANK7          

        CLASS   BANK8          

        CLASS   BANK9          

        CLASS   BANK10         

        CLASS   BANK11         

        CLASS   BANK12         

        CLASS   BIGRAM         

        CLASS   RAM            

        CLASS   ABS1           
                abs_s1                               7E       7E        2         1
                abs_s1                              5C9      5C9       27         1
                abs_s1                              620      620       30         1

        CLASS   SFR0           

        CLASS   SFR1           

        CLASS   SFR2           

        CLASS   SFR3           

        CLASS   SFR4           

        CLASS   SFR5           

        CLASS   SFR6           

        CLASS   SFR7           

        CLASS   SFR8           

        CLASS   SFR9           

        CLASS   SFR10          

        CLASS   SFR11          

        CLASS   SFR12          

        CLASS   SFR13          

        CLASS   SFR14          

        CLASS   SFR15          

        CLASS   SFR16          

        CLASS   SFR17          

        CLASS   SFR18          

        CLASS   SFR19          

        CLASS   SFR20          

        CLASS   SFR21          

        CLASS   SFR22          

        CLASS   SFR23          

        CLASS   SFR24          

        CLASS   SFR25          

        CLASS   SFR26          

        CLASS   SFR27          

        CLASS   SFR28          

        CLASS   SFR29          

        CLASS   SFR30          

        CLASS   SFR31          

        CLASS   CONFIG         
                config                             8007     8007        4         0

        CLASS   IDLOC          

        CLASS   EEDATA         

        CLASS   BANK31         

        CLASS   BANK30         

        CLASS   BANK29         

        CLASS   BANK28         

        CLASS   BANK27         

        CLASS   BANK26         

        CLASS   BANK25         

        CLASS   BANK24         

        CLASS   BANK23         

        CLASS   BANK22         

        CLASS   BANK21         

        CLASS   BANK20         

        CLASS   BANK19         

        CLASS   BANK18         

        CLASS   BANK17         

        CLASS   BANK16         

        CLASS   BANK15         

        CLASS   BANK14         

        CLASS   BANK13         



SEGMENTS        Name                           Load    Length   Top    Selector   Space  Class     Delta

                reset_vec                      000000  000002  000002         0       0  CODE        2
                intentry                       000004  0007A6  0007AA         8       0  CODE        2
                cstackBANK0                    000020  00004E  00006E        20       1  BANK0       1
                cstackCOMMON                   000070  00000B  00007B        70       1  COMMON      1
                bssBANK1                       0000A0  000033  0000D3        A0       1  BANK1       1
                bssBANK2                       000120  000020  000140       120       1  BANK2       1
                bssBANK3                       0001A0  000050  0001F0       1A0       1  BANK3       1
                text51                         000E05  000087  000E8C      1C0A       0  CODE        2
                text62                         000E8C  00009B  000F27      1D18       0  CODE        2
                text54                         000F27  0000D9  001000      1E4E       0  CODE        2
                stringtext                     001000  00006D  00106D      2000       0  STRCODE     2
                config                         008007  000004  00800B     1000E       0  CONFIG      2


UNUSED ADDRESS RANGES

        Name                Unused          Largest block    Delta
        BANK0            0006E-0006F               2           1
        BANK1            000D3-000EF              1D           1
        BANK10           00520-0056F              50           1
        BANK11           005A0-005C8              29           1
        BANK2            00140-0016F              30           1
        BANK4            00220-0026F              50           1
        BANK5            002A0-002EF              50           1
        BANK6            00320-0036F              50           1
        BANK7            003A0-003EF              50           1
        BANK8            00420-0046F              50           1
        BANK9            004A0-004EF              50           1
        BIGRAM           02000-023EF             3F0           1
        CODE             00002-00003               2           2
                         007AA-00E04              56
                         0106D-01FFF             793
        COMMON           0007B-0007D               3           1
        CONST            00002-00003               2           2
                         007AA-00E04             100
                         0106D-01FFF             100
        EEDATA           0F000-0F0FF             100           2
        ENTRY            00002-00003               2           2
                         007AA-00E04             100
                         0106D-01FFF             100
        IDLOC            08000-08003               4           2
        RAM              0006E-0006F               2           1
                         000D3-000EF              1D
                         00140-0016F              30
                         00220-0026F              50
                         002A0-002EF              50
                         00320-0036F              50
                         003A0-003EF              50
                         00420-0046F              50
                         004A0-004EF              50
                         00520-0056F              50
                         005A0-005C8              29
        SFR0             00000-0001F              20           1
        SFR1             00080-0009F              20           1
        SFR10            00500-0051F              20           1
        SFR11            00580-0059F              20           1
        SFR12            00600-0061F              20           1
        SFR13            00680-006EF              70           1
        SFR14            00700-0076F              70           1
        SFR15            00780-007EF              70           1
        SFR16            00800-0086F              70           1
        SFR17            00880-008EF              70           1
        SFR18            00900-0096F              70           1
        SFR19            00980-009EF              70           1
        SFR2             00100-0011F              20           1
        SFR20            00A00-00A6F              70           1
        SFR21            00A80-00AEF              70           1
        SFR22            00B00-00B6F              70           1
        SFR23            00B80-00BEF              70           1
        SFR24            00C00-00C6F              70           1
        SFR25            00C80-00CEF              70           1
        SFR26            00D00-00D6F              70           1
        SFR27            00D80-00DEF              70           1
        SFR28            00E00-00E6F              70           1
        SFR29            00E80-00EEF              70           1
        SFR3             00180-0019F              20           1
        SFR30            00F00-00F6F              70           1
        SFR31            00F80-00FEF              70           1
        SFR4             00200-0021F              20           1
        SFR5             00280-0029F              20           1
        SFR6             00300-0031F              20           1
        SFR7             00380-0039F              20           1
        SFR8             00400-0041F              20           1
        SFR9             00480-0049F              20           1
        STACK            02140-02398             259           1
        STRCODE          00002-00003               2           2
                         007AA-00E04             65B
                         0106D-01FFF             F93
        STRING           00002-00003               2           2
                         007AA-00E04             100
                         0106D-01FFF             100

                                  Symbol Table

?___lwmod                            cstackCOMMON 00070
?___wmul                             cstackBANK0  00020
DATAEE_ReadByte@bAdd                 cstackBANK0  00020
DATAEE_WriteByte@GIEBitValue         cstackBANK0  00023
DATAEE_WriteByte@bAdd                cstackBANK0  00020
DATAEE_WriteByte@bData               cstackBANK0  00022
DecodeDATA@i                         cstackBANK0  00044
DecodeDATA@j                         cstackBANK0  00045
DecodeDATA@len                       cstackBANK0  00046
PIN_MANAGER_Initialize@state         cstackBANK0  00020
PL10                                 text54       00FC9
PL12                                 text54       00FDA
PL14                                 cinit        0073A
PL16                                 cinit        00743
PL18                                 cinit        0074B
PL2                                  cinit        00716
PL20                                 cinit        00753
PL22                                 cinit        0075B
PL24                                 cinit        00763
PL26                                 cinit        00769
PL28                                 cinit        00771
PL30                                 cinit        00779
PL32                                 text54       00FE6
PL34                                 cinit        0077F
PL36                                 text54       00FEB
PL38                                 text54       00FF0
PL4                                  cinit        00720
PL40                                 text54       00FF5
PL42                                 text62       00F22
PL44                                 text54       00FFA
PL46                                 text51       00E87
PL48                                 cinit        00784
PL50                                 cinit        00789
PL6                                  cinit        00726
PL8                                  cinit        0072F
PWM1_LoadDutyValue@dutyValue         cstackBANK0  00020
PWM2_LoadDutyValue@dutyValue         cstackBANK0  00020
PWM3_LoadDutyValue@dutyValue         cstackBANK0  00020
PWM4_LoadDutyValue@dutyValue         cstackBANK0  00020
PWM5_LoadDutyValue@dutyValue         cstackBANK0  00020
_ANSELA                              (abs)        0018C
_ANSELB                              (abs)        0018D
_ANSELC                              (abs)        0018E
_BAUD1CON                            (abs)        0019F
_CCP1CON                             (abs)        00293
_CCP1CONbits                         (abs)        00293
_CCP2CON                             (abs)        00297
_CCP2CONbits                         (abs)        00297
_CCP3CON                             (abs)        00313
_CCP3CONbits                         (abs)        00313
_CCP4CON                             (abs)        00317
_CCP4CONbits                         (abs)        00317
_CCPR1H                              (abs)        00292
_CCPR1L                              (abs)        00291
_CCPR2H                              (abs)        00296
_CCPR2L                              (abs)        00295
_CCPR3H                              (abs)        00312
_CCPR3L                              (abs)        00311
_CCPR4H                              (abs)        00316
_CCPR4L                              (abs)        00315
_CCPTMRSbits                         (abs)        0029F
_DATAEE_ReadByte                     cinit        006E7
_DATAEE_WriteByte                    cinit        006F5
_DecodeCMD                           text62       00E8C
_DecodeDATA                          cinit        0028F
_EUSART_Initialize                   cinit        00253
_EUSART_RCV_ISR                      text61       0078E
_GIE                                 (abs)        0005F
_INTCONbits                          (abs)        0000B
_INTERRUPT_InterruptManager          intentry     00004
_LATA                                (abs)        0010C
_LATB                                (abs)        0010D
_LATB4                               (abs)        0086C
_LATC                                (abs)        0010E
_LATC0                               (abs)        00870
_MONTH_DAY                           dataBANK1    000C7
_NVMADRH                             (abs)        00892
_NVMADRL                             (abs)        00891
_NVMCON1bits                         (abs)        00895
_NVMCON2                             (abs)        00896
_NVMDATL                             (abs)        00893
_ODCONA                              (abs)        0028C
_ODCONB                              (abs)        0028D
_ODCONC                              (abs)        0028E
_OSCCON1                             (abs)        00919
_OSCCON3                             (abs)        0091B
_OSCEN                               (abs)        0091D
_OSCFRQ                              (abs)        0091F
_OSCILLATOR_Initialize               cinit        000D1
_OSCTUNE                             (abs)        0091E
_PIE0bits                            (abs)        00090
_PIE1bits                            (abs)        00091
_PIN_MANAGER_Initialize              cinit        000DB
_PIR0bits                            (abs)        00010
_PIR1bits                            (abs)        00011
_PPSLOCK                             (abs)        00E0F
_PPSLOCKbits                         (abs)        00E0F
_PR2                                 (abs)        0001E
_PWM1_Initialize                     cinit        00122
_PWM1_LoadDutyValue                  cinit        005D4
_PWM2_Initialize                     cinit        00128
_PWM2_LoadDutyValue                  cinit        005E4
_PWM3_Initialize                     cinit        00131
_PWM3_LoadDutyValue                  cinit        005F4
_PWM4_Initialize                     cinit        0013C
_PWM4_LoadDutyValue                  cinit        0062F
_PWM5CON                             (abs)        00619
_PWM5DCH                             (abs)        00618
_PWM5DCL                             (abs)        00617
_PWM5_Initialize                     cinit        00147
_PWM5_LoadDutyValue                  cinit        0063F
_PWMTMRSbits                         (abs)        0061F
_RA2                                 (abs)        00062
_RC1STA                              (abs)        0019D
_RC1STAbits                          (abs)        0019D
_RC2PPSbits                          (abs)        00EA2
_RC3PPSbits                          (abs)        00EA3
_RC4PPSbits                          (abs)        00EA4
_RC5PPSbits                          (abs)        00EA5
_RC6PPSbits                          (abs)        00EA6
_RC7PPSbits                          (abs)        00EA7
_RCREG                               (abs)        00199
_RXPPSbits                           (abs)        00E24
_SP1BRGH                             (abs)        0019C
_SP1BRGL                             (abs)        0019B
_SYSTEM_Initialize                   cinit        000BE
_T0CON0                              (abs)        00017
_T0CON0bits                          (abs)        00017
_T0CON1                              (abs)        00018
_T2CON                               (abs)        0001F
_T2CONbits                           (abs)        0001F
_TMR0H                               (abs)        00016
_TMR0L                               (abs)        00015
_TMR0_Initialize                     cinit        00263
_TMR0_StartTimer                     cinit        00157
_TMR2                                (abs)        0001D
_TMR2_Initialize                     cinit        0014D
_TMR2_StartTimer                     cinit        00159
_TMR2_UserInterruptHandler           text54       00F27
_TRISA                               (abs)        0008C
_TRISB                               (abs)        0008D
_TRISC                               (abs)        0008E
_TRMT                                (abs)        00CF1
_TX1STA                              (abs)        0019E
_TXIF                                (abs)        0008C
_TXREG                               (abs)        0019A
_WPUA                                (abs)        0020C
_WPUB                                (abs)        0020D
_WPUC                                (abs)        0020E
__CFG_BOREN$OFF                      (abs)        00000
__CFG_BORV$HIGH                      (abs)        00000
__CFG_CLKOUTEN$OFF                   (abs)        00000
__CFG_CP$OFF                         (abs)        00000
__CFG_CPD$OFF                        (abs)        00000
__CFG_CSWEN$ON                       (abs)        00000
__CFG_DEBUG$OFF                      (abs)        00000
__CFG_FCMEN$OFF                      (abs)        00000
__CFG_FEXTOSC$OFF                    (abs)        00000
__CFG_LPBOREN$OFF                    (abs)        00000
__CFG_LVP$ON                         (abs)        00000
__CFG_MCLRE$ON                       (abs)        00000
__CFG_PPS1WAY$ON                     (abs)        00000
__CFG_PWRTE$ON                       (abs)        00000
__CFG_RSTOSC$HFINT1                  (abs)        00000
__CFG_STVREN$ON                      (abs)        00000
__CFG_WDTE$ON                        (abs)        00000
__CFG_WRT$OFF                        (abs)        00000
__Habs1                              abs1         00000
__Hbank0                             bank0        00000
__Hbank1                             bank1        00000
__Hbank10                            bank10       00000
__Hbank11                            bank11       00000
__Hbank12                            bank12       00000
__Hbank13                            bank13       00000
__Hbank14                            bank14       00000
__Hbank15                            bank15       00000
__Hbank16                            bank16       00000
__Hbank17                            bank17       00000
__Hbank18                            bank18       00000
__Hbank19                            bank19       00000
__Hbank2                             bank2        00000
__Hbank20                            bank20       00000
__Hbank21                            bank21       00000
__Hbank22                            bank22       00000
__Hbank23                            bank23       00000
__Hbank24                            bank24       00000
__Hbank25                            bank25       00000
__Hbank26                            bank26       00000
__Hbank27                            bank27       00000
__Hbank28                            bank28       00000
__Hbank29                            bank29       00000
__Hbank3                             bank3        00000
__Hbank30                            bank30       00000
__Hbank31                            bank31       00000
__Hbank4                             bank4        00000
__Hbank5                             bank5        00000
__Hbank6                             bank6        00000
__Hbank7                             bank7        00000
__Hbank8                             bank8        00000
__Hbank9                             bank9        00000
__Hbigram                            bigram       00000
__HbssBANK0                          bssBANK0     00000
__HbssBANK1                          bssBANK1     00000
__HbssBANK2                          bssBANK2     00000
__HbssBANK3                          bssBANK3     00000
__HbssCOMMON                         bssCOMMON    00000
__Hcinit                             cinit        0078E
__Hclrtext                           clrtext      00000
__Hcode                              code         00000
__Hcommon                            common       00000
__Hconfig                            config       0800B
__HcstackBANK0                       cstackBANK0  00000
__HcstackCOMMON                      cstackCOMMON 00000
__HdataBANK1                         dataBANK1    00000
__Heeprom_data                       eeprom_data  00000
__Hend_init                          end_init     00033
__Hfunctab                           functab      00000
__HidataBANK1                        idataBANK1   00000
__Hidloc                             idloc        00000
__Hinit                              init         00031
__Hintentry                          intentry     00031
__Hmaintext                          maintext     00000
__Hpa_nodes                          pa_nodes     00000
__Hpowerup                           powerup      00000
__Hram                               ram          00000
__Hreset_vec                         reset_vec    00002
__Hsfr0                              sfr0         00000
__Hsfr1                              sfr1         00000
__Hsfr10                             sfr10        00000
__Hsfr11                             sfr11        00000
__Hsfr12                             sfr12        00000
__Hsfr13                             sfr13        00000
__Hsfr14                             sfr14        00000
__Hsfr15                             sfr15        00000
__Hsfr16                             sfr16        00000
__Hsfr17                             sfr17        00000
__Hsfr18                             sfr18        00000
__Hsfr19                             sfr19        00000
__Hsfr2                              sfr2         00000
__Hsfr20                             sfr20        00000
__Hsfr21                             sfr21        00000
__Hsfr22                             sfr22        00000
__Hsfr23                             sfr23        00000
__Hsfr24                             sfr24        00000
__Hsfr25                             sfr25        00000
__Hsfr26                             sfr26        00000
__Hsfr27                             sfr27        00000
__Hsfr28                             sfr28        00000
__Hsfr29                             sfr29        00000
__Hsfr3                              sfr3         00000
__Hsfr30                             sfr30        00000
__Hsfr31                             sfr31        00000
__Hsfr4                              sfr4         00000
__Hsfr5                              sfr5         00000
__Hsfr6                              sfr6         00000
__Hsfr7                              sfr7         00000
__Hsfr8                              sfr8         00000
__Hsfr9                              sfr9         00000
__Hspace_0                           (abs)        0800B
__Hspace_1                           (abs)        001F0
__Hspace_2                           (abs)        00000
__Hspace_3                           (abs)        00000
__Hstack                             stack        00000
__Hstrings                           strings      00000
__Hstringtext                        stringtext   00000
__Htext                              text         00000
__Labs1                              abs1         00000
__Lbank0                             bank0        00000
__Lbank1                             bank1        00000
__Lbank10                            bank10       00000
__Lbank11                            bank11       00000
__Lbank12                            bank12       00000
__Lbank13                            bank13       00000
__Lbank14                            bank14       00000
__Lbank15                            bank15       00000
__Lbank16                            bank16       00000
__Lbank17                            bank17       00000
__Lbank18                            bank18       00000
__Lbank19                            bank19       00000
__Lbank2                             bank2        00000
__Lbank20                            bank20       00000
__Lbank21                            bank21       00000
__Lbank22                            bank22       00000
__Lbank23                            bank23       00000
__Lbank24                            bank24       00000
__Lbank25                            bank25       00000
__Lbank26                            bank26       00000
__Lbank27                            bank27       00000
__Lbank28                            bank28       00000
__Lbank29                            bank29       00000
__Lbank3                             bank3        00000
__Lbank30                            bank30       00000
__Lbank31                            bank31       00000
__Lbank4                             bank4        00000
__Lbank5                             bank5        00000
__Lbank6                             bank6        00000
__Lbank7                             bank7        00000
__Lbank8                             bank8        00000
__Lbank9                             bank9        00000
__Lbigram                            bigram       00000
__LbssBANK0                          bssBANK0     00000
__LbssBANK1                          bssBANK1     00000
__LbssBANK2                          bssBANK2     00000
__LbssBANK3                          bssBANK3     00000
__LbssCOMMON                         bssCOMMON    00000
__Lcinit                             cinit        00033
__Lclrtext                           clrtext      00000
__Lcode                              code         00000
__Lcommon                            common       00000
__Lconfig                            config       08007
__LcstackBANK0                       cstackBANK0  00000
__LcstackCOMMON                      cstackCOMMON 00000
__LdataBANK1                         dataBANK1    00000
__Leeprom_data                       eeprom_data  00000
__Lend_init                          end_init     00031
__Lfunctab                           functab      00000
__LidataBANK1                        idataBANK1   00000
__Lidloc                             idloc        00000
__Linit                              init         00031
__Lintentry                          intentry     00004
__Lmaintext                          maintext     00000
__Lpa_nodes                          pa_nodes     00000
__Lpowerup                           powerup      00000
__Lram                               ram          00000
__Lreset_vec                         reset_vec    00000
__Lsfr0                              sfr0         00000
__Lsfr1                              sfr1         00000
__Lsfr10                             sfr10        00000
__Lsfr11                             sfr11        00000
__Lsfr12                             sfr12        00000
__Lsfr13                             sfr13        00000
__Lsfr14                             sfr14        00000
__Lsfr15                             sfr15        00000
__Lsfr16                             sfr16        00000
__Lsfr17                             sfr17        00000
__Lsfr18                             sfr18        00000
__Lsfr19                             sfr19        00000
__Lsfr2                              sfr2         00000
__Lsfr20                             sfr20        00000
__Lsfr21                             sfr21        00000
__Lsfr22                             sfr22        00000
__Lsfr23                             sfr23        00000
__Lsfr24                             sfr24        00000
__Lsfr25                             sfr25        00000
__Lsfr26                             sfr26        00000
__Lsfr27                             sfr27        00000
__Lsfr28                             sfr28        00000
__Lsfr29                             sfr29        00000
__Lsfr3                              sfr3         00000
__Lsfr30                             sfr30        00000
__Lsfr31                             sfr31        00000
__Lsfr4                              sfr4         00000
__Lsfr5                              sfr5         00000
__Lsfr6                              sfr6         00000
__Lsfr7                              sfr7         00000
__Lsfr8                              sfr8         00000
__Lsfr9                              sfr9         00000
__Lspace_0                           (abs)        00000
__Lspace_1                           (abs)        00000
__Lspace_2                           (abs)        00000
__Lspace_3                           (abs)        00000
__Lstack                             stack        00000
__Lstrings                           strings      00000
__Lstringtext                        stringtext   00000
__Ltext                              text         00000
__S0                                 (abs)        0800B
__S1                                 (abs)        001F0
__S2                                 (abs)        00000
__S3                                 (abs)        00000
___bmul                              cinit        00459
___bmul@multiplicand                 cstackBANK0  00020
___bmul@multiplier                   cstackBANK0  00022
___bmul@product                      cstackBANK0  00021
___int_sp                            stack        00000
___latbits                           (abs)        00002
___lwmod                             text51       00E67
___lwmod@counter                     cstackCOMMON 00074
___lwmod@dividend                    cstackCOMMON 00072
___lwmod@divisor                     cstackCOMMON 00070
___sp                                stack        00000
___wmul                              cinit        00551
___wmul@multiplicand                 cstackBANK0  00022
___wmul@multiplier                   cstackBANK0  00020
___wmul@product                      cstackBANK0  00024
__end_ofPL10                         text54       00FDA
__end_ofPL12                         text54       00FE6
__end_ofPL14                         cinit        00743
__end_ofPL16                         cinit        0074B
__end_ofPL18                         cinit        00753
__end_ofPL2                          cinit        00720
__end_ofPL20                         cinit        0075B
__end_ofPL22                         cinit        00763
__end_ofPL24                         cinit        00769
__end_ofPL26                         cinit        00771
__end_ofPL28                         cinit        00779
__end_ofPL30                         cinit        0077F
__end_ofPL32                         text54       00FEB
__end_ofPL34                         cinit        00784
__end_ofPL36                         text54       00FF0
__end_ofPL38                         text54       00FF5
__end_ofPL4                          cinit        00726
__end_ofPL40                         text54       00FFA
__end_ofPL42                         text62       00F27
__end_ofPL44                         text54       01000
__end_ofPL46                         text51       00E8C
__end_ofPL48                         cinit        00789
__end_ofPL50                         cinit        0078E
__end_ofPL6                          cinit        0072F
__end_ofPL8                          cinit        0073A
__end_of_DATAEE_ReadByte             cinit        006F5
__end_of_DATAEE_WriteByte            cinit        00716
__end_of_DecodeCMD                   text62       00F08
__end_of_DecodeDATA                  cinit        003D1
__end_of_EUSART_Initialize           cinit        00263
__end_of_EUSART_RCV_ISR              text61       0079E
__end_of_INTERRUPT_InterruptManager  intentry     00031
__end_of_OSCILLATOR_Initialize       cinit        000DB
__end_of_PIN_MANAGER_Initialize      cinit        00122
__end_of_PWM1_Initialize             cinit        00128
__end_of_PWM1_LoadDutyValue          cinit        005E4
__end_of_PWM2_Initialize             cinit        00131
__end_of_PWM2_LoadDutyValue          cinit        005F4
__end_of_PWM3_Initialize             cinit        0013C
__end_of_PWM3_LoadDutyValue          cinit        00604
__end_of_PWM4_Initialize             cinit        00147
__end_of_PWM4_LoadDutyValue          cinit        0063F
__end_of_PWM5_Initialize             cinit        0014D
__end_of_PWM5_LoadDutyValue          cinit        00655
__end_of_SYSTEM_Initialize           cinit        000D1
__end_of_TMR0_Initialize             cinit        0026E
__end_of_TMR0_StartTimer             cinit        00159
__end_of_TMR2_Initialize             cinit        00157
__end_of_TMR2_StartTimer             cinit        0015B
__end_of_TMR2_UserInterruptHandler   text54       00F36
__end_of___bmul                      cinit        00465
__end_of___lwmod                     text51       00E87
__end_of___wmul                      cinit        00566
__end_of__initialization             cinit        00079
__end_of_autoRun                     cinit        00551
__end_of_bleSendCMD                  cinit        001CB
__end_of_bleSendData                 cinit        005D4
__end_of_bleSendDeviceTime           cinit        0062F
__end_of_bleSendManualData           cinit        005B3
__end_of_bleSendTimerData            cinit        00459
__end_of_checkIsYearLeap             text51       00E67
__end_of_eusartSendBuffer            cinit        001DE
__end_of_eusartSendByte              cinit        001E5
__end_of_findDeviceFlash             cinit        0016B
__end_of_getCRC                      cinit        003E5
__end_of_initBLE                     cinit        001AF
__end_of_initLed                     cinit        001E6
__end_of_initLedPara                 cinit        00698
__end_of_initRTC                     cinit        001EF
__end_of_isValidTimer                cinit        0058B
__end_of_main                        cinit        000BE
__end_of_readBuffer                  cinit        006DE
__end_of_readByte                    cinit        006E7
__end_of_readLedPara                 cinit        006C3
__end_of_runRTC                      text51       00E4B
__end_of_saveLedPara                 cinit        00228
__end_of_strCmp                      text62       00F22
__end_of_turnMaxLed                  cinit        0028F
__end_of_turnOffLed                  cinit        0066C
__end_of_updateLed                   text54       00F7A
__end_of_updatePWM                   text54       00F95
__end_of_updatePara                  cinit        004E6
__end_of_writeBuffer                 cinit        0024B
__end_of_writeByte                   cinit        00253
__end_of_writeManualPara             cinit        0022F
__end_of_writeTimerPara              cinit        00238
__end_ofi1_PWM1_LoadDutyValue        text54       00FA2
__end_ofi1_PWM2_LoadDutyValue        text54       00FAF
__end_ofi1_PWM3_LoadDutyValue        text54       00FBC
__end_ofi1_PWM4_LoadDutyValue        text54       00FC9
__initialization                     cinit        00033
__pbssBANK0                          bssBANK0     00048
__pbssBANK1                          bssBANK1     000A0
__pbssBANK2                          bssBANK2     00120
__pbssBANK3                          bssBANK3     001A0
__pbssCOMMON                         bssCOMMON    00079
__pcstackBANK0                       cstackBANK0  00020
__pcstackCOMMON                      cstackCOMMON 00070
__pdataBANK1                         dataBANK1    000C7
__pidataBANK1                        idataBANK1   00000
__pintentry                          intentry     00004
__pmaintext                          cinit        0007C
__pstringtext                        stringtext   01000
__ptext1                             cinit        001EF
__ptext10                            cinit        00698
__ptext11                            cinit        006C3
__ptext12                            cinit        006DE
__ptext13                            cinit        006E7
__ptext14                            cinit        0016B
__ptext15                            cinit        001AF
__ptext16                            cinit        001CB
__ptext17                            cinit        0015B
__ptext18                            cinit        00655
__ptext19                            cinit        0026E
__ptext2                             cinit        0022F
__ptext20                            cinit        0063F
__ptext21                            cinit        0062F
__ptext22                            cinit        005F4
__ptext23                            cinit        005E4
__ptext24                            cinit        005D4
__ptext25                            cinit        004E6
__ptext26                            cinit        00159
__ptext27                            cinit        00157
__ptext28                            cinit        000BE
__ptext29                            cinit        0014D
__ptext3                             cinit        00228
__ptext30                            cinit        00263
__ptext31                            cinit        00147
__ptext32                            cinit        0013C
__ptext33                            cinit        00131
__ptext34                            cinit        00128
__ptext35                            cinit        00122
__ptext36                            cinit        000DB
__ptext37                            cinit        000D1
__ptext38                            cinit        00253
__ptext39                            cinit        0028F
__ptext4                             cinit        00238
__ptext40                            cinit        00465
__ptext41                            cinit        003E5
__ptext42                            cinit        00566
__ptext43                            cinit        00551
__ptext44                            cinit        00459
__ptext45                            cinit        0058B
__ptext46                            cinit        00604
__ptext47                            cinit        003D1
__ptext48                            cinit        005B3
__ptext49                            cinit        001DE
__ptext5                             cinit        0024B
__ptext51                            text51       00E05
__ptext52                            text51       00E4B
__ptext53                            text51       00E67
__ptext54                            text54       00F27
__ptext55                            text54       00F36
__ptext56                            text54       00F7A
__ptext57                            text54       00FBC
__ptext58                            text54       00FAF
__ptext59                            text54       00FA2
__ptext6                             cinit        006F5
__ptext60                            text54       00F95
__ptext61                            text61       0078E
__ptext62                            text62       00E8C
__ptext63                            text62       00F08
__ptext7                             cinit        001E6
__ptext8                             cinit        001E5
__ptext9                             cinit        0066C
__size_of_DATAEE_ReadByte            (abs)        00000
__size_of_DATAEE_WriteByte           (abs)        00000
__size_of_DecodeCMD                  (abs)        00000
__size_of_DecodeDATA                 (abs)        00000
__size_of_EUSART_Initialize          (abs)        00000
__size_of_EUSART_RCV_ISR             (abs)        00000
__size_of_INTERRUPT_InterruptManager (abs)        00000
__size_of_OSCILLATOR_Initialize      (abs)        00000
__size_of_PIN_MANAGER_Initialize     (abs)        00000
__size_of_PWM1_Initialize            (abs)        00000
__size_of_PWM1_LoadDutyValue         (abs)        00000
__size_of_PWM2_Initialize            (abs)        00000
__size_of_PWM2_LoadDutyValue         (abs)        00000
__size_of_PWM3_Initialize            (abs)        00000
__size_of_PWM3_LoadDutyValue         (abs)        00000
__size_of_PWM4_Initialize            (abs)        00000
__size_of_PWM4_LoadDutyValue         (abs)        00000
__size_of_PWM5_Initialize            (abs)        00000
__size_of_PWM5_LoadDutyValue         (abs)        00000
__size_of_SYSTEM_Initialize          (abs)        00000
__size_of_TMR0_Initialize            (abs)        00000
__size_of_TMR0_StartTimer            (abs)        00000
__size_of_TMR2_Initialize            (abs)        00000
__size_of_TMR2_StartTimer            (abs)        00000
__size_of_TMR2_UserInterruptHandler  (abs)        00000
__size_of___bmul                     (abs)        00000
__size_of___lwmod                    (abs)        00000
__size_of___wmul                     (abs)        00000
__size_of_autoRun                    (abs)        00000
__size_of_bleSendCMD                 (abs)        00000
__size_of_bleSendData                (abs)        00000
__size_of_bleSendDeviceTime          (abs)        00000
__size_of_bleSendManualData          (abs)        00000
__size_of_bleSendTimerData           (abs)        00000
__size_of_checkIsYearLeap            (abs)        00000
__size_of_eusartSendBuffer           (abs)        00000
__size_of_eusartSendByte             (abs)        00000
__size_of_findDeviceFlash            (abs)        00000
__size_of_getCRC                     (abs)        00000
__size_of_initBLE                    (abs)        00000
__size_of_initLed                    (abs)        00000
__size_of_initLedPara                (abs)        00000
__size_of_initRTC                    (abs)        00000
__size_of_isValidTimer               (abs)        00000
__size_of_main                       (abs)        00000
__size_of_readBuffer                 (abs)        00000
__size_of_readByte                   (abs)        00000
__size_of_readLedPara                (abs)        00000
__size_of_runRTC                     (abs)        00000
__size_of_saveLedPara                (abs)        00000
__size_of_strCmp                     (abs)        00000
__size_of_turnMaxLed                 (abs)        00000
__size_of_turnOffLed                 (abs)        00000
__size_of_updateLed                  (abs)        00000
__size_of_updatePWM                  (abs)        00000
__size_of_updatePara                 (abs)        00000
__size_of_writeBuffer                (abs)        00000
__size_of_writeByte                  (abs)        00000
__size_of_writeManualPara            (abs)        00000
__size_of_writeTimerPara             (abs)        00000
__size_ofi1_PWM1_LoadDutyValue       (abs)        00000
__size_ofi1_PWM2_LoadDutyValue       (abs)        00000
__size_ofi1_PWM3_LoadDutyValue       (abs)        00000
__size_ofi1_PWM4_LoadDutyValue       (abs)        00000
_aPara                               bssBANK3     001A0
_autoRun                             cinit        004E6
_bleSendCMD                          cinit        001AF
_bleSendData                         cinit        005B3
_bleSendDeviceTime                   cinit        00604
_bleSendManualData                   cinit        0058B
_bleSendTimerData                    cinit        003E5
_checkIsYearLeap                     text51       00E4B
_eusartRunPara                       bssBANK0     0005F
_eusartSendBuffer                    cinit        001CB
_eusartSendByte                      cinit        001DE
_findDeviceFlash                     cinit        0015B
_gCurrentTime                        bssBANK0     00066
_gLedPara                            (abs)        02399
_gLedRunPara                         bssBANK0     00048
_getCRC                              cinit        003D1
_initBLE                             cinit        0016B
_initLed                             cinit        001E5
_initLedPara                         cinit        0066C
_initRTC                             cinit        001E6
_isValidTimer                        cinit        00566
_keyValue                            bssCOMMON    00079
_mPara                               bssBANK1     000A0
_main                                cinit        0007C
_readBuffer                          cinit        006C3
_readByte                            cinit        006DE
_readLedPara                         cinit        00698
_runRTC                              text51       00E05
_rxBuf                               bssBANK1     000A7
_saveLedPara                         cinit        001EF
_strCmp                              text62       00F08
_turnMaxLed                          cinit        0026E
_turnOffLed                          cinit        00655
_txBuf                               bssBANK2     00120
_updateLed                           text54       00F36
_updatePWM                           text54       00F7A
_updatePara                          cinit        00465
_writeBuffer                         cinit        00238
_writeByte                           cinit        0024B
_writeManualPara                     cinit        00228
_writeTimerPara                      cinit        0022F
autoRun@hour                         cstackBANK0  00033
autoRun@i                            cstackBANK0  00035
autoRun@min                          cstackBANK0  00034
bleSendCMD@pBuf                      cstackBANK0  00024
bleSendData@frame                    cstackBANK0  00025
bleSendData@len                      cstackBANK0  00023
bleSendDeviceTime@i                  cstackBANK0  0002B
bleSendDeviceTime@len                cstackBANK0  0002A
bleSendManualData@i                  cstackBANK0  0002A
bleSendTimerData@i                   cstackBANK0  00037
bleSendTimerData@j                   cstackBANK0  00038
bleSendTimerData@len                 cstackBANK0  00039
btemp                                (abs)        0007E
checkIsYearLeap@year                 cstackCOMMON 00075
clear_ram0                           clrtext      0079E
end_of_initialization                cinit        00079
eusartSendBuffer@buf                 cstackBANK0  00021
eusartSendByte@byte                  cstackBANK0  00020
findDeviceFlash@tog                  bssBANK0     0006D
getCRC@i                             cstackBANK0  00029
getCRC@len                           cstackBANK0  00025
getCRC@pbuf                          cstackBANK0  00023
getCRC@result                        cstackBANK0  00028
i1PWM1_LoadDutyValue@dutyValue       cstackCOMMON 00070
i1PWM2_LoadDutyValue@dutyValue       cstackCOMMON 00070
i1PWM3_LoadDutyValue@dutyValue       cstackCOMMON 00070
i1PWM4_LoadDutyValue@dutyValue       cstackCOMMON 00070
i1_PWM1_LoadDutyValue                text54       00F95
i1_PWM2_LoadDutyValue                text54       00FA2
i1_PWM3_LoadDutyValue                text54       00FAF
i1_PWM4_LoadDutyValue                text54       00FBC
initLedPara@i                        cstackBANK0  00037
int$flags                            (abs)        0007E
intlevel0                            functab      00000
intlevel1                            functab      00000
intlevel2                            functab      00000
intlevel3                            functab      00000
intlevel4                            functab      00000
intlevel5                            functab      00000
isValidTimer@para                    cstackBANK0  00026
readBuffer@addr                      cstackBANK0  0002E
readBuffer@buf                       cstackBANK0  00026
readBuffer@i                         cstackBANK0  0002F
readBuffer@len                       cstackBANK0  00028
readByte@addr                        cstackBANK0  00022
readByte@result                      cstackBANK0  00023
readLedPara@i                        cstackBANK0  00034
reset_vec                            reset_vec    00000
saveLedPara@i                        cstackBANK0  00038
stackhi                              (abs)        02398
stacklo                              (abs)        02140
start                                init         00031
start_initialization                 cinit        00033
strCmp@s1                            cstackCOMMON 00073
strCmp@s2                            cstackCOMMON 00070
updateLed@i                          cstackCOMMON 00078
updatePara@i                         cstackBANK0  00028
writeBuffer@addr                     cstackBANK0  00029
writeBuffer@buf                      cstackBANK0  00026
writeBuffer@i                        cstackBANK0  0002A
writeBuffer@len                      cstackBANK0  00027
writeByte@addr                       cstackBANK0  00025
writeByte@byte                       cstackBANK0  00024
writeManualPara@addr                 cstackBANK0  00032
writeManualPara@para                 cstackBANK0  0002B
writeTimerPara@addr                  cstackBANK0  00036
writeTimerPara@idx                   cstackBANK0  0002B
writeTimerPara@para                  cstackBANK0  0002C
wtemp0                               (abs)        0007E


FUNCTION INFORMATION:

 *************** function _main *****************
 Defined at:
		line 58 in file "src/main.c"
 Parameters:    Size  Location     Type
		None
 Auto vars:     Size  Location     Type
		None
 Return value:  Size  Location     Type
                  1    wreg      void 
 Registers used:
		wreg, fsr0l, fsr0h, fsr1l, fsr1h, status,2, status,0, pclath, cstack
 Tracked objects:
		On entry : 
		On exit  : 
		Unchanged: 
 Data sizes:     COMMON   BANK0   BANK1   BANK2   BANK3   BANK4   BANK5   BANK6   BANK7   BANK8   BANK9  BANK10  BANK11  BANK12
      Params:         0       0       0       0       0       0       0       0       0       0       0       0       0       0
      Locals:         0       0       0       0       0       0       0       0       0       0       0       0       0       0
      Temps:          0       1       0       0       0       0       0       0       0       0       0       0       0       0
      Totals:         0       1       0       0       0       0       0       0       0       0       0       0       0       0
Total ram usage:        1 bytes
 Hardware stack levels required when called:   11
 This function calls:
		_DecodeDATA
		_SYSTEM_Initialize
		_TMR0_StartTimer
		_TMR2_StartTimer
		_autoRun
		_findDeviceFlash
		_initBLE
		_initLed
		_initRTC
		_saveLedPara
 This function is called by:
		Startup code after reset
 This function uses a non-reentrant model


 *************** function _saveLedPara *****************
 Defined at:
		line 115 in file "src/eeprom.c"
 Parameters:    Size  Location     Type
		None
 Auto vars:     Size  Location     Type
  i               1   24[BANK0 ] unsigned char 
 Return value:  Size  Location     Type
                  1    wreg      void 
 Registers used:
		wreg, fsr0l, fsr0h, fsr1l, fsr1h, status,2, status,0, pclath, cstack
 Tracked objects:
		On entry : 
		On exit  : 
		Unchanged: 
 Data sizes:     COMMON   BANK0   BANK1   BANK2   BANK3   BANK4   BANK5   BANK6   BANK7   BANK8   BANK9  BANK10  BANK11  BANK12
      Params:         0       0       0       0       0       0       0       0       0       0       0       0       0       0
      Locals:         0       1       0       0       0       0       0       0       0       0       0       0       0       0
      Temps:          0       1       0       0       0       0       0       0       0       0       0       0       0       0
      Totals:         0       2       0       0       0       0       0       0       0       0       0       0       0       0
Total ram usage:        2 bytes
 Hardware stack levels used:    1
 Hardware stack levels required when called:    9
 This function calls:
		___wmul
		_writeManualPara
		_writeTimerPara
 This function is called by:
		_main
 This function uses a non-reentrant model


 *************** function _writeTimerPara *****************
 Defined at:
		line 96 in file "src/eeprom.c"
 Parameters:    Size  Location     Type
  addr            1    wreg     unsigned char 
  idx             1   11[BANK0 ] unsigned char 
  para           10   12[BANK0 ] struct .
 Auto vars:     Size  Location     Type
  addr            1   22[BANK0 ] unsigned char 
 Return value:  Size  Location     Type
                  1    wreg      void 
 Registers used:
		wreg, fsr1l, fsr1h, status,2, status,0, pclath, cstack
 Tracked objects:
		On entry : 
		On exit  : 
		Unchanged: 
 Data sizes:     COMMON   BANK0   BANK1   BANK2   BANK3   BANK4   BANK5   BANK6   BANK7   BANK8   BANK9  BANK10  BANK11  BANK12
      Params:         0      11       0       0       0       0       0       0       0       0       0       0       0       0
      Locals:         0       1       0       0       0       0       0       0       0       0       0       0       0       0
      Temps:          0       0       0       0       0       0       0       0       0       0       0       0       0       0
      Totals:         0      12       0       0       0       0       0       0       0       0       0       0       0       0
Total ram usage:       12 bytes
 Hardware stack levels used:    1
 Hardware stack levels required when called:    8
 This function calls:
		_writeBuffer
 This function is called by:
		_saveLedPara
 This function uses a non-reentrant model


 *************** function _writeManualPara *****************
 Defined at:
		line 91 in file "src/eeprom.c"
 Parameters:    Size  Location     Type
  addr            1    wreg     unsigned char 
  para            7   11[BANK0 ] struct .
 Auto vars:     Size  Location     Type
  addr            1   18[BANK0 ] unsigned char 
 Return value:  Size  Location     Type
                  1    wreg      void 
 Registers used:
		wreg, fsr1l, fsr1h, status,2, status,0, pclath, cstack
 Tracked objects:
		On entry : 
		On exit  : 
		Unchanged: 
 Data sizes:     COMMON   BANK0   BANK1   BANK2   BANK3   BANK4   BANK5   BANK6   BANK7   BANK8   BANK9  BANK10  BANK11  BANK12
      Params:         0       7       0       0       0       0       0       0       0       0       0       0       0       0
      Locals:         0       1       0       0       0       0       0       0       0       0       0       0       0       0
      Temps:          0       0       0       0       0       0       0       0       0       0       0       0       0       0
      Totals:         0       8       0       0       0       0       0       0       0       0       0       0       0       0
Total ram usage:        8 bytes
 Hardware stack levels used:    1
 Hardware stack levels required when called:    8
 This function calls:
		_writeBuffer
 This function is called by:
		_saveLedPara
 This function uses a non-reentrant model


 *************** function _writeBuffer *****************
 Defined at:
		line 64 in file "src/eeprom.c"
 Parameters:    Size  Location     Type
  addr            1    wreg     unsigned char 
  buf             1    6[BANK0 ] PTR unsigned char 
		 -> writeTimerPara@para(10), writeManualPara@para(7), 
  len             1    7[BANK0 ] unsigned char 
 Auto vars:     Size  Location     Type
  addr            1    9[BANK0 ] unsigned char 
  i               1   10[BANK0 ] unsigned char 
 Return value:  Size  Location     Type
                  1    wreg      void 
 Registers used:
		wreg, fsr1l, fsr1h, status,2, status,0, pclath, cstack
 Tracked objects:
		On entry : 
		On exit  : 
		Unchanged: 
 Data sizes:     COMMON   BANK0   BANK1   BANK2   BANK3   BANK4   BANK5   BANK6   BANK7   BANK8   BANK9  BANK10  BANK11  BANK12
      Params:         0       2       0       0       0       0       0       0       0       0       0       0       0       0
      Locals:         0       2       0       0       0       0       0       0       0       0       0       0       0       0
      Temps:          0       1       0       0       0       0       0       0       0       0       0       0       0       0
      Totals:         0       5       0       0       0       0       0       0       0       0       0       0       0       0
Total ram usage:        5 bytes
 Hardware stack levels used:    1
 Hardware stack levels required when called:    7
 This function calls:
		_writeByte
 This function is called by:
		_writeManualPara
		_writeTimerPara
 This function uses a non-reentrant model


 *************** function _writeByte *****************
 Defined at:
		line 42 in file "src/eeprom.c"
 Parameters:    Size  Location     Type
  addr            1    wreg     unsigned char 
  byte            1    4[BANK0 ] unsigned char 
 Auto vars:     Size  Location     Type
  addr            1    5[BANK0 ] unsigned char 
 Return value:  Size  Location     Type
                  1    wreg      void 
 Registers used:
		wreg, status,2, status,0, pclath, cstack
 Tracked objects:
		On entry : 
		On exit  : 
		Unchanged: 
 Data sizes:     COMMON   BANK0   BANK1   BANK2   BANK3   BANK4   BANK5   BANK6   BANK7   BANK8   BANK9  BANK10  BANK11  BANK12
      Params:         0       1       0       0       0       0       0       0       0       0       0       0       0       0
      Locals:         0       1       0       0       0       0       0       0       0       0       0       0       0       0
      Temps:          0       0       0       0       0       0       0       0       0       0       0       0       0       0
      Totals:         0       2       0       0       0       0       0       0       0       0       0       0       0       0
Total ram usage:        2 bytes
 Hardware stack levels used:    1
 Hardware stack levels required when called:    6
 This function calls:
		_DATAEE_WriteByte
 This function is called by:
		_writeBuffer
 This function uses a non-reentrant model


 *************** function _DATAEE_WriteByte *****************
 Defined at:
		line 3 in file "src/eeprom.c"
 Parameters:    Size  Location     Type
  bAdd            2    0[BANK0 ] unsigned int 
  bData           1    2[BANK0 ] unsigned char 
 Auto vars:     Size  Location     Type
  GIEBitValue     1    3[BANK0 ] unsigned char 
 Return value:  Size  Location     Type
                  1    wreg      void 
 Registers used:
		wreg, status,2, status,0
 Tracked objects:
		On entry : 
		On exit  : 
		Unchanged: 
 Data sizes:     COMMON   BANK0   BANK1   BANK2   BANK3   BANK4   BANK5   BANK6   BANK7   BANK8   BANK9  BANK10  BANK11  BANK12
      Params:         0       3       0       0       0       0       0       0       0       0       0       0       0       0
      Locals:         0       1       0       0       0       0       0       0       0       0       0       0       0       0
      Temps:          0       0       0       0       0       0       0       0       0       0       0       0       0       0
      Totals:         0       4       0       0       0       0       0       0       0       0       0       0       0       0
Total ram usage:        4 bytes
 Hardware stack levels used:    1
 Hardware stack levels required when called:    5
 This function calls:
		Nothing
 This function is called by:
		_writeByte
 This function uses a non-reentrant model


 *************** function _initRTC *****************
 Defined at:
		line 38 in file "src/rtc.c"
 Parameters:    Size  Location     Type
		None
 Auto vars:     Size  Location     Type
		None
 Return value:  Size  Location     Type
                  1    wreg      void 
 Registers used:
		wreg, status,2
 Tracked objects:
		On entry : 
		On exit  : 
		Unchanged: 
 Data sizes:     COMMON   BANK0   BANK1   BANK2   BANK3   BANK4   BANK5   BANK6   BANK7   BANK8   BANK9  BANK10  BANK11  BANK12
      Params:         0       0       0       0       0       0       0       0       0       0       0       0       0       0
      Locals:         0       0       0       0       0       0       0       0       0       0       0       0       0       0
      Temps:          0       0       0       0       0       0       0       0       0       0       0       0       0       0
      Totals:         0       0       0       0       0       0       0       0       0       0       0       0       0       0
Total ram usage:        0 bytes
 Hardware stack levels used:    1
 Hardware stack levels required when called:    5
 This function calls:
		Nothing
 This function is called by:
		_main
 This function uses a non-reentrant model


 *************** function _initLed *****************
 Defined at:
		line 139 in file "src/led.c"
 Parameters:    Size  Location     Type
		None
 Auto vars:     Size  Location     Type
		None
 Return value:  Size  Location     Type
                  1    wreg      void 
 Registers used:
		wreg, fsr1l, fsr1h, status,2, status,0, pclath, cstack
 Tracked objects:
		On entry : 
		On exit  : 
		Unchanged: 
 Data sizes:     COMMON   BANK0   BANK1   BANK2   BANK3   BANK4   BANK5   BANK6   BANK7   BANK8   BANK9  BANK10  BANK11  BANK12
      Params:         0       0       0       0       0       0       0       0       0       0       0       0       0       0
      Locals:         0       0       0       0       0       0       0       0       0       0       0       0       0       0
      Temps:          0       0       0       0       0       0       0       0       0       0       0       0       0       0
      Totals:         0       0       0       0       0       0       0       0       0       0       0       0       0       0
Total ram usage:        0 bytes
 Hardware stack levels used:    1
 Hardware stack levels required when called:   10
 This function calls:
		_initLedPara
 This function is called by:
		_main
 This function uses a non-reentrant model


 *************** function _initLedPara *****************
 Defined at:
		line 122 in file "src/led.c"
 Parameters:    Size  Location     Type
		None
 Auto vars:     Size  Location     Type
  i               1   23[BANK0 ] unsigned char 
 Return value:  Size  Location     Type
                  1    wreg      void 
 Registers used:
		wreg, fsr1l, fsr1h, status,2, status,0, pclath, cstack
 Tracked objects:
		On entry : 
		On exit  : 
		Unchanged: 
 Data sizes:     COMMON   BANK0   BANK1   BANK2   BANK3   BANK4   BANK5   BANK6   BANK7   BANK8   BANK9  BANK10  BANK11  BANK12
      Params:         0       0       0       0       0       0       0       0       0       0       0       0       0       0
      Locals:         0       1       0       0       0       0       0       0       0       0       0       0       0       0
      Temps:          0       2       0       0       0       0       0       0       0       0       0       0       0       0
      Totals:         0       3       0       0       0       0       0       0       0       0       0       0       0       0
Total ram usage:        3 bytes
 Hardware stack levels used:    1
 Hardware stack levels required when called:    9
 This function calls:
		_readLedPara
 This function is called by:
		_initLed
 This function uses a non-reentrant model


 *************** function _readLedPara *****************
 Defined at:
		line 106 in file "src/eeprom.c"
 Parameters:    Size  Location     Type
		None
 Auto vars:     Size  Location     Type
  i               1   20[BANK0 ] unsigned char 
 Return value:  Size  Location     Type
                  1    wreg      void 
 Registers used:
		wreg, fsr1l, fsr1h, status,2, status,0, pclath, cstack
 Tracked objects:
		On entry : 
		On exit  : 
		Unchanged: 
 Data sizes:     COMMON   BANK0   BANK1   BANK2   BANK3   BANK4   BANK5   BANK6   BANK7   BANK8   BANK9  BANK10  BANK11  BANK12
      Params:         0       0       0       0       0       0       0       0       0       0       0       0       0       0
      Locals:         0       1       0       0       0       0       0       0       0       0       0       0       0       0
      Temps:          0       4       0       0       0       0       0       0       0       0       0       0       0       0
      Totals:         0       5       0       0       0       0       0       0       0       0       0       0       0       0
Total ram usage:        5 bytes
 Hardware stack levels used:    1
 Hardware stack levels required when called:    8
 This function calls:
		___wmul
		_readBuffer
 This function is called by:
		_initLedPara
 This function uses a non-reentrant model


 *************** function _readBuffer *****************
 Defined at:
		line 78 in file "src/eeprom.c"
 Parameters:    Size  Location     Type
  addr            1    wreg     unsigned char 
  buf             2    6[BANK0 ] PTR unsigned char 
		 -> gLedPara.aPara(80), gLedPara.mPara(7), gLedPara(87), 
  len             1    8[BANK0 ] unsigned char 
 Auto vars:     Size  Location     Type
  addr            1   14[BANK0 ] unsigned char 
  i               1   15[BANK0 ] unsigned char 
 Return value:  Size  Location     Type
                  1    wreg      void 
 Registers used:
		wreg, fsr1l, fsr1h, status,2, status,0, pclath, cstack
 Tracked objects:
		On entry : 
		On exit  : 
		Unchanged: 
 Data sizes:     COMMON   BANK0   BANK1   BANK2   BANK3   BANK4   BANK5   BANK6   BANK7   BANK8   BANK9  BANK10  BANK11  BANK12
      Params:         0       3       0       0       0       0       0       0       0       0       0       0       0       0
      Locals:         0       2       0       0       0       0       0       0       0       0       0       0       0       0
      Temps:          0       5       0       0       0       0       0       0       0       0       0       0       0       0
      Totals:         0      10       0       0       0       0       0       0       0       0       0       0       0       0
Total ram usage:       10 bytes
 Hardware stack levels used:    1
 Hardware stack levels required when called:    7
 This function calls:
		_readByte
 This function is called by:
		_readLedPara
 This function uses a non-reentrant model


 *************** function _readByte *****************
 Defined at:
		line 52 in file "src/eeprom.c"
 Parameters:    Size  Location     Type
  addr            1    wreg     unsigned char 
 Auto vars:     Size  Location     Type
  addr            1    2[BANK0 ] unsigned char 
  result          1    3[BANK0 ] unsigned char 
 Return value:  Size  Location     Type
                  1    wreg      unsigned char 
 Registers used:
		wreg, pclath, cstack
 Tracked objects:
		On entry : 
		On exit  : 
		Unchanged: 
 Data sizes:     COMMON   BANK0   BANK1   BANK2   BANK3   BANK4   BANK5   BANK6   BANK7   BANK8   BANK9  BANK10  BANK11  BANK12
      Params:         0       0       0       0       0       0       0       0       0       0       0       0       0       0
      Locals:         0       2       0       0       0       0       0       0       0       0       0       0       0       0
      Temps:          0       0       0       0       0       0       0       0       0       0       0       0       0       0
      Totals:         0       2       0       0       0       0       0       0       0       0       0       0       0       0
Total ram usage:        2 bytes
 Hardware stack levels used:    1
 Hardware stack levels required when called:    6
 This function calls:
		_DATAEE_ReadByte
 This function is called by:
		_readBuffer
 This function uses a non-reentrant model


 *************** function _DATAEE_ReadByte *****************
 Defined at:
		line 25 in file "src/eeprom.c"
 Parameters:    Size  Location     Type
  bAdd            2    0[BANK0 ] unsigned int 
 Auto vars:     Size  Location     Type
		None
 Return value:  Size  Location     Type
                  1    wreg      unsigned char 
 Registers used:
		wreg
 Tracked objects:
		On entry : 
		On exit  : 
		Unchanged: 
 Data sizes:     COMMON   BANK0   BANK1   BANK2   BANK3   BANK4   BANK5   BANK6   BANK7   BANK8   BANK9  BANK10  BANK11  BANK12
      Params:         0       2       0       0       0       0       0       0       0       0       0       0       0       0
      Locals:         0       0       0       0       0       0       0       0       0       0       0       0       0       0
      Temps:          0       0       0       0       0       0       0       0       0       0       0       0       0       0
      Totals:         0       2       0       0       0       0       0       0       0       0       0       0       0       0
Total ram usage:        2 bytes
 Hardware stack levels used:    1
 Hardware stack levels required when called:    5
 This function calls:
		Nothing
 This function is called by:
		_readByte
 This function uses a non-reentrant model


 *************** function _initBLE *****************
 Defined at:
		line 393 in file "src/ble.c"
 Parameters:    Size  Location     Type
		None
 Auto vars:     Size  Location     Type
		None
 Return value:  Size  Location     Type
                  1    wreg      void 
 Registers used:
		wreg, fsr0l, fsr0h, status,2, status,0, pclath, cstack
 Tracked objects:
		On entry : 
		On exit  : 
		Unchanged: 
 Data sizes:     COMMON   BANK0   BANK1   BANK2   BANK3   BANK4   BANK5   BANK6   BANK7   BANK8   BANK9  BANK10  BANK11  BANK12
      Params:         0       0       0       0       0       0       0       0       0       0       0       0       0       0
      Locals:         0       0       0       0       0       0       0       0       0       0       0       0       0       0
      Temps:          0       2       0       0       0       0       0       0       0       0       0       0       0       0
      Totals:         0       2       0       0       0       0       0       0       0       0       0       0       0       0
Total ram usage:        2 bytes
 Hardware stack levels used:    1
 Hardware stack levels required when called:    8
 This function calls:
		_bleSendCMD
 This function is called by:
		_main
 This function uses a non-reentrant model


 *************** function _bleSendCMD *****************
 Defined at:
		line 44 in file "src/ble.c"
 Parameters:    Size  Location     Type
  pBuf            2    4[BANK0 ] PTR const unsigned char 
		 -> STR_8(15), STR_7(11), STR_6(34), STR_5(19), 
		 -> STR_4(5), 
 Auto vars:     Size  Location     Type
		None
 Return value:  Size  Location     Type
                  1    wreg      void 
 Registers used:
		wreg, fsr0l, fsr0h, status,2, status,0, pclath, cstack
 Tracked objects:
		On entry : 
		On exit  : 
		Unchanged: 
 Data sizes:     COMMON   BANK0   BANK1   BANK2   BANK3   BANK4   BANK5   BANK6   BANK7   BANK8   BANK9  BANK10  BANK11  BANK12
      Params:         0       2       0       0       0       0       0       0       0       0       0       0       0       0
      Locals:         0       0       0       0       0       0       0       0       0       0       0       0       0       0
      Temps:          0       0       0       0       0       0       0       0       0       0       0       0       0       0
      Totals:         0       2       0       0       0       0       0       0       0       0       0       0       0       0
Total ram usage:        2 bytes
 Hardware stack levels used:    1
 Hardware stack levels required when called:    7
 This function calls:
		_eusartSendBuffer
 This function is called by:
		_initBLE
 This function uses a non-reentrant model


 *************** function _eusartSendBuffer *****************
 Defined at:
		line 50 in file "src/eusart.c"
 Parameters:    Size  Location     Type
  buf             2    1[BANK0 ] PTR const unsigned char 
		 -> STR_8(15), STR_7(11), STR_6(34), STR_5(19), 
		 -> STR_4(5), 
 Auto vars:     Size  Location     Type
		None
 Return value:  Size  Location     Type
                  1    wreg      void 
 Registers used:
		wreg, fsr0l, fsr0h, status,2, status,0, pclath, cstack
 Tracked objects:
		On entry : 
		On exit  : 
		Unchanged: 
 Data sizes:     COMMON   BANK0   BANK1   BANK2   BANK3   BANK4   BANK5   BANK6   BANK7   BANK8   BANK9  BANK10  BANK11  BANK12
      Params:         0       2       0       0       0       0       0       0       0       0       0       0       0       0
      Locals:         0       0       0       0       0       0       0       0       0       0       0       0       0       0
      Temps:          0       1       0       0       0       0       0       0       0       0       0       0       0       0
      Totals:         0       3       0       0       0       0       0       0       0       0       0       0       0       0
Total ram usage:        3 bytes
 Hardware stack levels used:    1
 Hardware stack levels required when called:    6
 This function calls:
		_eusartSendByte
 This function is called by:
		_bleSendCMD
 This function uses a non-reentrant model


 *************** function _findDeviceFlash *****************
 Defined at:
		line 147 in file "src/led.c"
 Parameters:    Size  Location     Type
		None
 Auto vars:     Size  Location     Type
		None
 Return value:  Size  Location     Type
                  1    wreg      void 
 Registers used:
		wreg, status,2, status,0, pclath, cstack
 Tracked objects:
		On entry : 
		On exit  : 
		Unchanged: 
 Data sizes:     COMMON   BANK0   BANK1   BANK2   BANK3   BANK4   BANK5   BANK6   BANK7   BANK8   BANK9  BANK10  BANK11  BANK12
      Params:         0       0       0       0       0       0       0       0       0       0       0       0       0       0
      Locals:         0       0       0       0       0       0       0       0       0       0       0       0       0       0
      Temps:          0       0       0       0       0       0       0       0       0       0       0       0       0       0
      Totals:         0       0       0       0       0       0       0       0       0       0       0       0       0       0
Total ram usage:        0 bytes
 Hardware stack levels used:    1
 Hardware stack levels required when called:    7
 This function calls:
		_turnMaxLed
		_turnOffLed
[...]
Total ram usage:        2 bytes
 Hardware stack levels used:    1
 Hardware stack levels required when called:    1
 This function calls:
		___lwmod
 This function is called by:
		_runRTC
 This function uses a non-reentrant model


 *************** function ___lwmod *****************
 Defined at:
		line 6 in file "/Applications/microchip/xc8/v1.40/sources/common/lwmod.c"
 Parameters:    Size  Location     Type
  divisor         2    0[COMMON] unsigned int 
  dividend        2    2[COMMON] unsigned int 
 Auto vars:     Size  Location     Type
  counter         1    4[COMMON] unsigned char 
 Return value:  Size  Location     Type
                  2    0[COMMON] unsigned int 
 Registers used:
		wreg, status,2, status,0
 Tracked objects:
		On entry : 
		On exit  : 
		Unchanged: 
 Data sizes:     COMMON   BANK0   BANK1   BANK2   BANK3   BANK4   BANK5   BANK6   BANK7   BANK8   BANK9  BANK10  BANK11  BANK12
      Params:         4       0       0       0       0       0       0       0       0       0       0       0       0       0
      Locals:         1       0       0       0       0       0       0       0       0       0       0       0       0       0
      Temps:          0       0       0       0       0       0       0       0       0       0       0       0       0       0
      Totals:         5       0       0       0       0       0       0       0       0       0       0       0       0       0
Total ram usage:        5 bytes
 Hardware stack levels used:    1
 This function calls:
		Nothing
 This function is called by:
		_checkIsYearLeap
 This function uses a non-reentrant model


 *************** function _TMR2_UserInterruptHandler *****************
 Defined at:
		line 73 in file "src/comman.c"
 Parameters:    Size  Location     Type
		None
 Auto vars:     Size  Location     Type
		None
 Return value:  Size  Location     Type
                  1    wreg      void 
 Registers used:
		wreg, fsr0l, fsr0h, fsr1l, fsr1h, status,2, status,0, pclath, cstack
 Tracked objects:
		On entry : 
		On exit  : 
		Unchanged: 
 Data sizes:     COMMON   BANK0   BANK1   BANK2   BANK3   BANK4   BANK5   BANK6   BANK7   BANK8   BANK9  BANK10  BANK11  BANK12
      Params:         0       0       0       0       0       0       0       0       0       0       0       0       0       0
      Locals:         0       0       0       0       0       0       0       0       0       0       0       0       0       0
      Temps:          0       0       0       0       0       0       0       0       0       0       0       0       0       0
      Totals:         0       0       0       0       0       0       0       0       0       0       0       0       0       0
Total ram usage:        0 bytes
 Hardware stack levels used:    1
 Hardware stack levels required when called:    3
 This function calls:
		_updateLed
 This function is called by:
		_INTERRUPT_InterruptManager
 This function uses a non-reentrant model


 *************** function _updateLed *****************
 Defined at:
		line 49 in file "src/led.c"
 Parameters:    Size  Location     Type
		None
 Auto vars:     Size  Location     Type
  i               1    8[COMMON] unsigned char 
 Return value:  Size  Location     Type
                  1    wreg      void 
 Registers used:
		wreg, fsr0l, fsr0h, fsr1l, fsr1h, status,2, status,0, pclath, cstack
 Tracked objects:
		On entry : 
		On exit  : 
		Unchanged: 
 Data sizes:     COMMON   BANK0   BANK1   BANK2   BANK3   BANK4   BANK5   BANK6   BANK7   BANK8   BANK9  BANK10  BANK11  BANK12
      Params:         0       0       0       0       0       0       0       0       0       0       0       0       0       0
      Locals:         1       0       0       0       0       0       0       0       0       0       0       0       0       0
      Temps:          6       0       0       0       0       0       0       0       0       0       0       0       0       0
      Totals:         7       0       0       0       0       0       0       0       0       0       0       0       0       0
Total ram usage:        7 bytes
 Hardware stack levels used:    1
 Hardware stack levels required when called:    2
 This function calls:
		_updatePWM
 This function is called by:
		_TMR2_UserInterruptHandler
 This function uses a non-reentrant model


 *************** function _updatePWM *****************
 Defined at:
		line 41 in file "src/led.c"
 Parameters:    Size  Location     Type
		None
 Auto vars:     Size  Location     Type
		None
 Return value:  Size  Location     Type
                  1    wreg      void 
 Registers used:
		wreg, status,2, status,0, pclath, cstack
 Tracked objects:
		On entry : 
		On exit  : 
		Unchanged: 
 Data sizes:     COMMON   BANK0   BANK1   BANK2   BANK3   BANK4   BANK5   BANK6   BANK7   BANK8   BANK9  BANK10  BANK11  BANK12
      Params:         0       0       0       0       0       0       0       0       0       0       0       0       0       0
      Locals:         0       0       0       0       0       0       0       0       0       0       0       0       0       0
      Temps:          0       0       0       0       0       0       0       0       0       0       0       0       0       0
      Totals:         0       0       0       0       0       0       0       0       0       0       0       0       0       0
Total ram usage:        0 bytes
 Hardware stack levels used:    1
 Hardware stack levels required when called:    1
 This function calls:
		i1_PWM1_LoadDutyValue
		i1_PWM2_LoadDutyValue
		i1_PWM3_LoadDutyValue
		i1_PWM4_LoadDutyValue
 This function is called by:
		_updateLed
 This function uses a non-reentrant model


 *************** function i1_PWM4_LoadDutyValue *****************
 Defined at:
		line 126 in file "src/pwm.c"
 Parameters:    Size  Location     Type
  dutyValue       2    0[COMMON] unsigned int 
 Auto vars:     Size  Location     Type
		None
 Return value:  Size  Location     Type
                  1    wreg      void 
 Registers used:
		wreg
 Tracked objects:
		On entry : 
		On exit  : 
		Unchanged: 
 Data sizes:     COMMON   BANK0   BANK1   BANK2   BANK3   BANK4   BANK5   BANK6   BANK7   BANK8   BANK9  BANK10  BANK11  BANK12
      Params:         2       0       0       0       0       0       0       0       0       0       0       0       0       0
      Locals:         0       0       0       0       0       0       0       0       0       0       0       0       0       0
      Temps:          0       0       0       0       0       0       0       0       0       0       0       0       0       0
      Totals:         2       0       0       0       0       0       0       0       0       0       0       0       0       0
Total ram usage:        2 bytes
 Hardware stack levels used:    1
 This function calls:
		Nothing
 This function is called by:
		_updatePWM
 This function uses a non-reentrant model


 *************** function i1_PWM3_LoadDutyValue *****************
 Defined at:
		line 91 in file "src/pwm.c"
 Parameters:    Size  Location     Type
  dutyValue       2    0[COMMON] unsigned int 
 Auto vars:     Size  Location     Type
		None
 Return value:  Size  Location     Type
                  1    wreg      void 
 Registers used:
		wreg
 Tracked objects:
		On entry : 
		On exit  : 
		Unchanged: 
 Data sizes:     COMMON   BANK0   BANK1   BANK2   BANK3   BANK4   BANK5   BANK6   BANK7   BANK8   BANK9  BANK10  BANK11  BANK12
      Params:         2       0       0       0       0       0       0       0       0       0       0       0       0       0
      Locals:         0       0       0       0       0       0       0       0       0       0       0       0       0       0
      Temps:          0       0       0       0       0       0       0       0       0       0       0       0       0       0
      Totals:         2       0       0       0       0       0       0       0       0       0       0       0       0       0
Total ram usage:        2 bytes
 Hardware stack levels used:    1
 This function calls:
		Nothing
 This function is called by:
		_updatePWM
 This function uses a non-reentrant model


 *************** function i1_PWM2_LoadDutyValue *****************
 Defined at:
		line 56 in file "src/pwm.c"
 Parameters:    Size  Location     Type
  dutyValue       2    0[COMMON] unsigned int 
 Auto vars:     Size  Location     Type
		None
 Return value:  Size  Location     Type
                  1    wreg      void 
 Registers used:
		wreg
 Tracked objects:
		On entry : 
		On exit  : 
		Unchanged: 
 Data sizes:     COMMON   BANK0   BANK1   BANK2   BANK3   BANK4   BANK5   BANK6   BANK7   BANK8   BANK9  BANK10  BANK11  BANK12
      Params:         2       0       0       0       0       0       0       0       0       0       0       0       0       0
      Locals:         0       0       0       0       0       0       0       0       0       0       0       0       0       0
      Temps:          0       0       0       0       0       0       0       0       0       0       0       0       0       0
      Totals:         2       0       0       0       0       0       0       0       0       0       0       0       0       0
Total ram usage:        2 bytes
 Hardware stack levels used:    1
 This function calls:
		Nothing
 This function is called by:
		_updatePWM
 This function uses a non-reentrant model


 *************** function i1_PWM1_LoadDutyValue *****************
 Defined at:
		line 21 in file "src/pwm.c"
 Parameters:    Size  Location     Type
  dutyValue       2    0[COMMON] unsigned int 
 Auto vars:     Size  Location     Type
		None
 Return value:  Size  Location     Type
                  1    wreg      void 
 Registers used:
		wreg
 Tracked objects:
		On entry : 
		On exit  : 
		Unchanged: 
 Data sizes:     COMMON   BANK0   BANK1   BANK2   BANK3   BANK4   BANK5   BANK6   BANK7   BANK8   BANK9  BANK10  BANK11  BANK12
      Params:         2       0       0       0       0       0       0       0       0       0       0       0       0       0
      Locals:         0       0       0       0       0       0       0       0       0       0       0       0       0       0
      Temps:          0       0       0       0       0       0       0       0       0       0       0       0       0       0
      Totals:         2       0       0       0       0       0       0       0       0       0       0       0       0       0
Total ram usage:        2 bytes
 Hardware stack levels used:    1
 This function calls:
		Nothing
 This function is called by:
		_updatePWM
 This function uses a non-reentrant model


 *************** function _EUSART_RCV_ISR *****************
 Defined at:
		line 33 in file "src/eusart.c"
 Parameters:    Size  Location     Type
		None
 Auto vars:     Size  Location     Type
		None
 Return value:  Size  Location     Type
                  1    wreg      void 
 Registers used:
		wreg, fsr1l, fsr1h, status,2, status,0
 Tracked objects:
		On entry : 
		On exit  : 
		Unchanged: 
 Data sizes:     COMMON   BANK0   BANK1   BANK2   BANK3   BANK4   BANK5   BANK6   BANK7   BANK8   BANK9  BANK10  BANK11  BANK12
      Params:         0       0       0       0       0       0       0       0       0       0       0       0       0       0
      Locals:         0       0       0       0       0       0       0       0       0       0       0       0       0       0
      Temps:          0       0       0       0       0       0       0       0       0       0       0       0       0       0
      Totals:         0       0       0       0       0       0       0       0       0       0       0       0       0       0
Total ram usage:        0 bytes
 Hardware stack levels used:    1
 This function calls:
		Nothing
 This function is called by:
		_INTERRUPT_InterruptManager
 This function uses a non-reentrant model


 *************** function _DecodeCMD *****************
 Defined at:
		line 175 in file "src/ble.c"
 Parameters:    Size  Location     Type
		None
 Auto vars:     Size  Location     Type
		None
 Return value:  Size  Location     Type
                  1    wreg      void 
 Registers used:
		wreg, fsr0l, fsr0h, fsr1l, fsr1h, status,2, status,0, pclath, cstack
 Tracked objects:
		On entry : 
		On exit  : 
		Unchanged: 
 Data sizes:     COMMON   BANK0   BANK1   BANK2   BANK3   BANK4   BANK5   BANK6   BANK7   BANK8   BANK9  BANK10  BANK11  BANK12
      Params:         0       0       0       0       0       0       0       0       0       0       0       0       0       0
      Locals:         0       0       0       0       0       0       0       0       0       0       0       0       0       0
      Temps:          0       0       0       0       0       0       0       0       0       0       0       0       0       0
      Totals:         0       0       0       0       0       0       0       0       0       0       0       0       0       0
Total ram usage:        0 bytes
 Hardware stack levels used:    1
 Hardware stack levels required when called:    1
 This function calls:
		_strCmp
 This function is called by:
		_INTERRUPT_InterruptManager
 This function uses a non-reentrant model


 *************** function _strCmp *****************
 Defined at:
		line 135 in file "src/comman.c"
 Parameters:    Size  Location     Type
  s1              1    wreg     PTR const unsigned char 
		 -> rxBuf(32), 
  s2              2    0[COMMON] PTR const unsigned char 
		 -> STR_3(17), STR_2(8), STR_1(8), 
 Auto vars:     Size  Location     Type
  s1              1    3[COMMON] PTR const unsigned char 
		 -> rxBuf(32), 
 Return value:  Size  Location     Type
                  1    wreg      unsigned char 
 Registers used:
		wreg, fsr0l, fsr0h, fsr1l, fsr1h, status,2, status,0, pclath
 Tracked objects:
		On entry : 
		On exit  : 
		Unchanged: 
 Data sizes:     COMMON   BANK0   BANK1   BANK2   BANK3   BANK4   BANK5   BANK6   BANK7   BANK8   BANK9  BANK10  BANK11  BANK12
      Params:         2       0       0       0       0       0       0       0       0       0       0       0       0       0
      Locals:         1       0       0       0       0       0       0       0       0       0       0       0       0       0
      Temps:          1       0       0       0       0       0       0       0       0       0       0       0       0       0
      Totals:         4       0       0       0       0       0       0       0       0       0       0       0       0       0
Total ram usage:        4 bytes
 Hardware stack levels used:    1
 This function calls:
		Nothing
 This function is called by:
		_DecodeCMD
 This function uses a non-reentrant model



MODULE INFORMATION

Module		Function		Class		Link	Load	Size
src/led.c
		_turnOffLed    		CODE           	0655	0000	24
		_updatePWM     		CODE           	0F7A	0000	28
		_updatePara    		CODE           	0465	0000	130
		_autoRun       		CODE           	04E6	0000	108
		_updateLed     		CODE           	0F36	0000	69
		_turnMaxLed    		CODE           	026E	0000	34
		_initLed       		CODE           	01E5	0000	2
		_initLedPara   		CODE           	066C	0000	45
		_findDeviceFlash		CODE           	015B	0000	17

src/led.c estimated size: 457

/Applications/microchip/xc8/v1.40/sources/common/lwmod.c
		___lwmod       		CODE           	0E67	0000	33

/Applications/microchip/xc8/v1.40/sources/common/lwmod.c estimated size: 33

src/eusart.c
		_EUSART_RCV_ISR		CODE           	078E	0000	17
		_EUSART_Initialize		CODE           	0253	0000	17
		_eusartSendBuffer		CODE           	01CB	0000	20
		_eusartSendByte		CODE           	01DE	0000	8

src/eusart.c estimated size: 62

src/main.c
		_main          		CODE           	007C	0000	67

src/main.c estimated size: 67

src/pwm.c
		_PWM1_Initialize		CODE           	0122	0000	7
		_PWM5_LoadDutyValue		CODE           	063F	0000	23
		_PWM2_Initialize		CODE           	0128	0000	10
		_PWM3_Initialize		CODE           	0131	0000	12
		_PWM4_Initialize		CODE           	013C	0000	12
		_PWM5_Initialize		CODE           	0147	0000	7
		_PWM1_LoadDutyValue		CODE           	05D4	0000	17
		_PWM2_LoadDutyValue		CODE           	05E4	0000	17
		_PWM3_LoadDutyValue		CODE           	05F4	0000	17
		_PWM4_LoadDutyValue		CODE           	062F	0000	17

src/pwm.c estimated size: 139

/Applications/microchip/xc8/v1.40/sources/common/Umul16.c
		___wmul        		CODE           	0551	0000	22

/Applications/microchip/xc8/v1.40/sources/common/Umul16.c estimated size: 22

shared
		PL12           		CODE           	0FDA	0000	13
		PL50           		CODE           	0789	0000	6
		PL8            		CODE           	072F	0000	12
		PL22           		CODE           	075B	0000	9
		PL32           		CODE           	0FE6	0000	6
		PL42           		CODE           	0F22	0000	6
		PL14           		CODE           	073A	0000	10
		PL24           		CODE           	0763	0000	7
		PL34           		CODE           	077F	0000	6
		PL44           		CODE           	0FFA	0000	7
		PL16           		CODE           	0743	0000	9
		PL26           		CODE           	0769	0000	9
		PL36           		CODE           	0FEB	0000	6
		i1_PWM1_LoadDutyValue		CODE           	0F95	0000	14
		PL46           		CODE           	0E87	0000	6
		i1_PWM4_LoadDutyValue		CODE           	0FBC	0000	14
		PL18           		CODE           	074B	0000	9
		PL28           		CODE           	0771	0000	9
		PL38           		CODE           	0FF0	0000	6
		PL48           		CODE           	0784	0000	6
		__initialization		CODE           	0033	0000	71
		i1_PWM2_LoadDutyValue		CODE           	0FA2	0000	14
		PL2            		CODE           	0716	0000	11
		i1_PWM3_LoadDutyValue		CODE           	0FAF	0000	14
		PL10           		CODE           	0FC9	0000	18
		PL4            		CODE           	0720	0000	7
		PL20           		CODE           	0753	0000	9
		PL30           		CODE           	0779	0000	7
		PL6            		CODE           	0726	0000	10
		PL40           		CODE           	0FF5	0000	6

shared estimated size: 337

src/tmr.c
		_TMR2_Initialize		CODE           	014D	0000	11
		_TMR0_StartTimer		CODE           	0157	0000	3
		_TMR2_StartTimer		CODE           	0159	0000	3
		_TMR0_Initialize		CODE           	0263	0000	12

src/tmr.c estimated size: 29

/Applications/microchip/xc8/v1.40/sources/common/Umul8.c
		___bmul        		CODE           	0459	0000	13

/Applications/microchip/xc8/v1.40/sources/common/Umul8.c estimated size: 13

src/ble.c
		_bleSendTimerData		CODE           	03E5	0000	117
		_initBLE       		CODE           	016B	0000	69
		_bleSendManualData		CODE           	058B	0000	41
		_bleSendDeviceTime		CODE           	0604	0000	44
		_getCRC        		CODE           	03D1	0000	21
		_isValidTimer  		CODE           	0566	0000	38
		_DecodeDATA    		CODE           	028F	0000	323
		_DecodeCMD     		CODE           	0E8C	0000	125
		_bleSendCMD    		CODE           	01AF	0000	29
		_bleSendData   		CODE           	05B3	0000	34

src/ble.c estimated size: 841

src/eeprom.c
		_readByte      		CODE           	06DE	0000	10
		_readBuffer    		CODE           	06C3	0000	28
		_writeTimerPara		CODE           	022F	0000	10
		_writeManualPara		CODE           	0228	0000	8
		_DATAEE_WriteByte		CODE           	06F5	0000	34
		_writeByte     		CODE           	024B	0000	9
		_saveLedPara   		CODE           	01EF	0000	58
		_readLedPara   		CODE           	0698	0000	44
		_writeBuffer   		CODE           	0238	0000	20
		_DATAEE_ReadByte		CODE           	06E7	0000	15

src/eeprom.c estimated size: 236

src/pin.c
		_PIN_MANAGER_Initialize		CODE           	00DB	0000	72

src/pin.c estimated size: 72

src/rtc.c
		_runRTC        		CODE           	0E05	0000	71
		_initRTC       		CODE           	01E6	0000	10
		_checkIsYearLeap		CODE           	0E4B	0000	29

src/rtc.c estimated size: 110

src/comman.c
		_TMR2_UserInterruptHandler		CODE           	0F27	0000	16
		_INTERRUPT_InterruptManager		CODE           	0004	0000	46
		_OSCILLATOR_Initialize		CODE           	00D1	0000	11
		_SYSTEM_Initialize		CODE           	00BE	0000	20
		_strCmp        		CODE           	0F08	0000	27

src/comman.c estimated size: 120

